Component: ARM Compiler 6.14 Tool: armlink [5db06800]

==============================================================================

Section Cross References

    startup_stm32f103xb.o(STACK) refers (Special) to heapauxi.o(.text) for __use_two_region_memory
    startup_stm32f103xb.o(HEAP) refers (Special) to heapauxi.o(.text) for __use_two_region_memory
    startup_stm32f103xb.o(RESET) refers (Special) to heapauxi.o(.text) for __use_two_region_memory
    startup_stm32f103xb.o(RESET) refers to startup_stm32f103xb.o(STACK) for __initial_sp
    startup_stm32f103xb.o(RESET) refers to startup_stm32f103xb.o(.text) for Reset_Handler
    startup_stm32f103xb.o(RESET) refers to stm32f1xx_it.o(.text.NMI_Handler) for NMI_Handler
    startup_stm32f103xb.o(RESET) refers to stm32f1xx_it.o(.text.HardFault_Handler) for HardFault_Handler
    startup_stm32f103xb.o(RESET) refers to stm32f1xx_it.o(.text.MemManage_Handler) for MemManage_Handler
    startup_stm32f103xb.o(RESET) refers to stm32f1xx_it.o(.text.BusFault_Handler) for BusFault_Handler
    startup_stm32f103xb.o(RESET) refers to stm32f1xx_it.o(.text.UsageFault_Handler) for UsageFault_Handler
    startup_stm32f103xb.o(RESET) refers to stm32f1xx_it.o(.text.SVC_Handler) for SVC_Handler
    startup_stm32f103xb.o(RESET) refers to stm32f1xx_it.o(.text.DebugMon_Handler) for DebugMon_Handler
    startup_stm32f103xb.o(RESET) refers to stm32f1xx_it.o(.text.PendSV_Handler) for PendSV_Handler
    startup_stm32f103xb.o(RESET) refers to stm32f1xx_it.o(.text.SysTick_Handler) for SysTick_Handler
    startup_stm32f103xb.o(RESET) refers to stm32f1xx_it.o(.text.USART2_IRQHandler) for USART2_IRQHandler
    startup_stm32f103xb.o(.text) refers (Special) to heapauxi.o(.text) for __use_two_region_memory
    startup_stm32f103xb.o(.text) refers to system_stm32f1xx.o(.text.SystemInit) for SystemInit
    startup_stm32f103xb.o(.text) refers to __main.o(!!!main) for __main
    startup_stm32f103xb.o(.text) refers to startup_stm32f103xb.o(HEAP) for Heap_Mem
    startup_stm32f103xb.o(.text) refers to startup_stm32f103xb.o(STACK) for Stack_Mem
    main.o(.text.Motor_SetPWM) refers to main.o(.bss.htim1) for htim1
    main.o(.text.Motor_SetPWM) refers to pwm.o(.text.PWMdutyChange) for PWMdutyChange
    main.o(.ARM.exidx.text.Motor_SetPWM) refers to main.o(.text.Motor_SetPWM) for [Anonymous Symbol]
    main.o(.text.HAL_UART_RxCpltCallback) refers to main.o(.bss.rxBuffer) for rxBuffer
    main.o(.text.HAL_UART_RxCpltCallback) refers to main.o(.bss.rxIndex) for rxIndex
    main.o(.text.HAL_UART_RxCpltCallback) refers to main.o(.bss.dataBuffer) for dataBuffer
    main.o(.text.HAL_UART_RxCpltCallback) refers to cmd.o(.text.dataHandle) for dataHandle
    main.o(.text.HAL_UART_RxCpltCallback) refers to rt_memclr.o(.text) for __aeabi_memclr
    main.o(.text.HAL_UART_RxCpltCallback) refers to main.o(.bss.huart2) for huart2
    main.o(.text.HAL_UART_RxCpltCallback) refers to stm32f1xx_hal_uart.o(.text.HAL_UART_Receive_IT) for HAL_UART_Receive_IT
    main.o(.ARM.exidx.text.HAL_UART_RxCpltCallback) refers to main.o(.text.HAL_UART_RxCpltCallback) for [Anonymous Symbol]
    main.o(.text.main) refers to stm32f1xx_hal.o(.text.HAL_Init) for HAL_Init
    main.o(.text.main) refers to main.o(.text.SystemClock_Config) for SystemClock_Config
    main.o(.text.main) refers to main.o(.text.MX_GPIO_Init) for MX_GPIO_Init
    main.o(.text.main) refers to main.o(.text.MX_TIM1_Init) for MX_TIM1_Init
    main.o(.text.main) refers to main.o(.text.MX_USART2_UART_Init) for MX_USART2_UART_Init
    main.o(.text.main) refers to main.o(.bss.MF_L) for MF_L
    main.o(.text.main) refers to motor.o(.text.Motor_Init) for Motor_Init
    main.o(.text.main) refers to main.o(.bss.MF_R) for MF_R
    main.o(.text.main) refers to main.o(.bss.MR_L) for MR_L
    main.o(.text.main) refers to main.o(.bss.MR_R) for MR_R
    main.o(.text.main) refers to main.o(.bss.rxIndex) for rxIndex
    main.o(.text.main) refers to main.o(.bss.dataBuffer) for dataBuffer
    main.o(.text.main) refers to rt_memclr.o(.text) for __aeabi_memclr
    main.o(.text.main) refers to main.o(.bss.huart2) for huart2
    main.o(.text.main) refers to main.o(.bss.data_rx) for data_rx
    main.o(.text.main) refers to stm32f1xx_hal_uart.o(.text.HAL_UART_Receive_IT) for HAL_UART_Receive_IT
    main.o(.ARM.exidx.text.main) refers to main.o(.text.main) for [Anonymous Symbol]
    main.o(.text.SystemClock_Config) refers to rt_memclr_w.o(.text) for __aeabi_memclr4
    main.o(.text.SystemClock_Config) refers to stm32f1xx_hal_rcc.o(.text.HAL_RCC_OscConfig) for HAL_RCC_OscConfig
    main.o(.text.SystemClock_Config) refers to main.o(.text.Error_Handler) for Error_Handler
    main.o(.text.SystemClock_Config) refers to stm32f1xx_hal_rcc.o(.text.HAL_RCC_ClockConfig) for HAL_RCC_ClockConfig
    main.o(.ARM.exidx.text.SystemClock_Config) refers to main.o(.text.SystemClock_Config) for [Anonymous Symbol]
[...]
    ../mathlib/qnan.c                        0x00000000   Number         0  qnan.o ABSOLUTE
    ../mathlib/sqrt.c                        0x00000000   Number         0  sqrt.o ABSOLUTE
    ../mathlib/sqrt.c                        0x00000000   Number         0  sqrt_x.o ABSOLUTE
    PWM.c                                    0x00000000   Number         0  pwm.o ABSOLUTE
    cmd.c                                    0x00000000   Number         0  cmd.o ABSOLUTE
    dc.s                                     0x00000000   Number         0  dc.o ABSOLUTE
    main.c                                   0x00000000   Number         0  main.o ABSOLUTE
    motor.c                                  0x00000000   Number         0  motor.o ABSOLUTE
    startup_stm32f103xb.s                    0x00000000   Number         0  startup_stm32f103xb.o ABSOLUTE
    stm32f1xx_hal.c                          0x00000000   Number         0  stm32f1xx_hal.o ABSOLUTE
    stm32f1xx_hal_cortex.c                   0x00000000   Number         0  stm32f1xx_hal_cortex.o ABSOLUTE
    stm32f1xx_hal_dma.c                      0x00000000   Number         0  stm32f1xx_hal_dma.o ABSOLUTE
    stm32f1xx_hal_exti.c                     0x00000000   Number         0  stm32f1xx_hal_exti.o ABSOLUTE
    stm32f1xx_hal_flash.c                    0x00000000   Number         0  stm32f1xx_hal_flash.o ABSOLUTE
    stm32f1xx_hal_flash_ex.c                 0x00000000   Number         0  stm32f1xx_hal_flash_ex.o ABSOLUTE
    stm32f1xx_hal_gpio.c                     0x00000000   Number         0  stm32f1xx_hal_gpio.o ABSOLUTE
    stm32f1xx_hal_gpio_ex.c                  0x00000000   Number         0  stm32f1xx_hal_gpio_ex.o ABSOLUTE
    stm32f1xx_hal_msp.c                      0x00000000   Number         0  stm32f1xx_hal_msp.o ABSOLUTE
    stm32f1xx_hal_pwr.c                      0x00000000   Number         0  stm32f1xx_hal_pwr.o ABSOLUTE
    stm32f1xx_hal_rcc.c                      0x00000000   Number         0  stm32f1xx_hal_rcc.o ABSOLUTE
    stm32f1xx_hal_rcc_ex.c                   0x00000000   Number         0  stm32f1xx_hal_rcc_ex.o ABSOLUTE
    stm32f1xx_hal_tim.c                      0x00000000   Number         0  stm32f1xx_hal_tim.o ABSOLUTE
    stm32f1xx_hal_tim_ex.c                   0x00000000   Number         0  stm32f1xx_hal_tim_ex.o ABSOLUTE
    stm32f1xx_hal_uart.c                     0x00000000   Number         0  stm32f1xx_hal_uart.o ABSOLUTE
    stm32f1xx_it.c                           0x00000000   Number         0  stm32f1xx_it.o ABSOLUTE
    system_stm32f1xx.c                       0x00000000   Number         0  system_stm32f1xx.o ABSOLUTE
    RESET                                    0x08000000   Section      236  startup_stm32f103xb.o(RESET)
    !!!main                                  0x080000ec   Section        8  __main.o(!!!main)
    !!!scatter                               0x080000f4   Section       52  __scatter.o(!!!scatter)
    !!handler_copy                           0x08000128   Section       26  __scatter_copy.o(!!handler_copy)
    !!handler_zi                             0x08000144   Section       28  __scatter_zi.o(!!handler_zi)
    .ARM.Collect$$libinit$$00000000          0x08000160   Section        2  libinit.o(.ARM.Collect$$libinit$$00000000)
    .ARM.Collect$$libinit$$00000002          0x08000162   Section        0  libinit2.o(.ARM.Collect$$libinit$$00000002)
    .ARM.Collect$$libinit$$00000004          0x08000162   Section        0  libinit2.o(.ARM.Collect$$libinit$$00000004)
    .ARM.Collect$$libinit$$0000000A          0x08000162   Section        0  libinit2.o(.ARM.Collect$$libinit$$0000000A)
    .ARM.Collect$$libinit$$0000000C          0x08000162   Section        0  libinit2.o(.ARM.Collect$$libinit$$0000000C)
    .ARM.Collect$$libinit$$0000000E          0x08000162   Section        0  libinit2.o(.ARM.Collect$$libinit$$0000000E)
    .ARM.Collect$$libinit$$00000011          0x08000162   Section        0  libinit2.o(.ARM.Collect$$libinit$$00000011)
    .ARM.Collect$$libinit$$00000013          0x08000162   Section        0  libinit2.o(.ARM.Collect$$libinit$$00000013)
    .ARM.Collect$$libinit$$00000015          0x08000162   Section        0  libinit2.o(.ARM.Collect$$libinit$$00000015)
    .ARM.Collect$$libinit$$00000017          0x08000162   Section        0  libinit2.o(.ARM.Collect$$libinit$$00000017)
    .ARM.Collect$$libinit$$00000019          0x08000162   Section        0  libinit2.o(.ARM.Collect$$libinit$$00000019)
    .ARM.Collect$$libinit$$0000001B          0x08000162   Section        0  libinit2.o(.ARM.Collect$$libinit$$0000001B)
    .ARM.Collect$$libinit$$0000001D          0x08000162   Section        0  libinit2.o(.ARM.Collect$$libinit$$0000001D)
    .ARM.Collect$$libinit$$0000001F          0x08000162   Section        0  libinit2.o(.ARM.Collect$$libinit$$0000001F)
    .ARM.Collect$$libinit$$00000021          0x08000162   Section        0  libinit2.o(.ARM.Collect$$libinit$$00000021)
    .ARM.Collect$$libinit$$00000023          0x08000162   Section        0  libinit2.o(.ARM.Collect$$libinit$$00000023)
    .ARM.Collect$$libinit$$00000025          0x08000162   Section        0  libinit2.o(.ARM.Collect$$libinit$$00000025)
    .ARM.Collect$$libinit$$00000027          0x08000162   Section        8  libinit2.o(.ARM.Collect$$libinit$$00000027)
    .ARM.Collect$$libinit$$0000002E          0x0800016a   Section        0  libinit2.o(.ARM.Collect$$libinit$$0000002E)
    .ARM.Collect$$libinit$$00000030          0x0800016a   Section        0  libinit2.o(.ARM.Collect$$libinit$$00000030)
    .ARM.Collect$$libinit$$00000032          0x0800016a   Section        0  libinit2.o(.ARM.Collect$$libinit$$00000032)
    .ARM.Collect$$libinit$$00000033          0x0800016a   Section        2  libinit2.o(.ARM.Collect$$libinit$$00000033)
    .ARM.Collect$$libshutdown$$00000000      0x0800016c   Section        2  libshutdown.o(.ARM.Collect$$libshutdown$$00000000)
    .ARM.Collect$$libshutdown$$00000002      0x0800016e   Section        0  libshutdown2.o(.ARM.Collect$$libshutdown$$00000002)
    .ARM.Collect$$libshutdown$$00000004      0x0800016e   Section        0  libshutdown2.o(.ARM.Collect$$libshutdown$$00000004)
    .ARM.Collect$$libshutdown$$00000007      0x0800016e   Section        0  libshutdown2.o(.ARM.Collect$$libshutdown$$00000007)
    .ARM.Collect$$libshutdown$$0000000A      0x0800016e   Section        0  libshutdown2.o(.ARM.Collect$$libshutdown$$0000000A)
    .ARM.Collect$$libshutdown$$0000000C      0x0800016e   Section        0  libshutdown2.o(.ARM.Collect$$libshutdown$$0000000C)
    .ARM.Collect$$libshutdown$$0000000F      0x0800016e   Section        0  libshutdown2.o(.ARM.Collect$$libshutdown$$0000000F)
    .ARM.Collect$$libshutdown$$00000010      0x0800016e   Section        2  libshutdown2.o(.ARM.Collect$$libshutdown$$00000010)
    .ARM.Collect$$rtentry$$00000000          0x08000170   Section        0  __rtentry.o(.ARM.Collect$$rtentry$$00000000)
    .ARM.Collect$$rtentry$$00000002          0x08000170   Section        0  __rtentry2.o(.ARM.Collect$$rtentry$$00000002)
    .ARM.Collect$$rtentry$$00000004          0x08000170   Section        6  __rtentry4.o(.ARM.Collect$$rtentry$$00000004)
    .ARM.Collect$$rtentry$$00000009          0x08000176   Section        0  __rtentry2.o(.ARM.Collect$$rtentry$$00000009)
    .ARM.Collect$$rtentry$$0000000A          0x08000176   Section        4  __rtentry2.o(.ARM.Collect$$rtentry$$0000000A)
    .ARM.Collect$$rtentry$$0000000C          0x0800017a   Section        0  __rtentry2.o(.ARM.Collect$$rtentry$$0000000C)
    .ARM.Collect$$rtentry$$0000000D          0x0800017a   Section        8  __rtentry2.o(.ARM.Collect$$rtentry$$0000000D)
    .ARM.Collect$$rtexit$$00000000           0x08000182   Section        2  rtexit.o(.ARM.Collect$$rtexit$$00000000)
    .ARM.Collect$$rtexit$$00000002           0x08000184   Section        0  rtexit2.o(.ARM.Collect$$rtexit$$00000002)
    .ARM.Collect$$rtexit$$00000003           0x08000184   Section        4  rtexit2.o(.ARM.Collect$$rtexit$$00000003)
    .ARM.Collect$$rtexit$$00000004           0x08000188   Section        6  rtexit2.o(.ARM.Collect$$rtexit$$00000004)
    .emb_text                                0x08000190   Section        4  argv_veneer.o(.emb_text)
    .text                                    0x08000194   Section       64  startup_stm32f103xb.o(.text)
    .text                                    0x080001d4   Section        0  strcpy.o(.text)
    .text                                    0x0800021c   Section        0  strlen.o(.text)
    .text                                    0x0800025a   Section       68  rt_memclr.o(.text)
    .text                                    0x0800029e   Section       78  rt_memclr_w.o(.text)
    .text                                    0x080002ec   Section        0  heapauxi.o(.text)
    .text                                    0x080002f2   Section        0  _rserrno.o(.text)
    .text                                    0x08000308   Section        8  rt_errno_addr_intlibspace.o(.text)
    .text                                    0x08000310   Section        8  libspace.o(.text)
    .text                                    0x08000318   Section       74  sys_stackheap_outer.o(.text)
    .text                                    0x08000362   Section        0  exit.o(.text)
    .text                                    0x08000374   Section        0  sys_exit.o(.text)
    .text                                    0x08000380   Section        0  _get_argv_nomalloc.o(.text)
    .text                                    0x080004ae   Section        0  sys_command.o(.text)
    .text                                    0x080004c6   Section        2  use_no_semi.o(.text)
    .text                                    0x080004c8   Section        0  indicate_semi.o(.text)
    .text                                    0x080004c8   Section        0  hrguard.o(.text)
    .text                                    0x080004cc   Section        0  defsig_rtmem_outer.o(.text)
    .text                                    0x080004da   Section        0  defsig_exit.o(.text)
    .text                                    0x080004e4   Section        0  defsig_rtmem_inner.o(.text)
    .text                                    0x08000534   Section        0  defsig_general.o(.text)
    .text                                    0x08000566   Section        0  sys_wrch.o(.text)
    [Anonymous Symbol]                       0x08000574   Section        0  stm32f1xx_it.o(.text.BusFault_Handler)
    [Anonymous Symbol]                       0x08000578   Section        0  stm32f1xx_it.o(.text.DebugMon_Handler)
    [Anonymous Symbol]                       0x0800057c   Section        0  main.o(.text.Error_Handler)
    [Anonymous Symbol]                       0x0800058c   Section        0  stm32f1xx_hal_dma.o(.text.HAL_DMA_Abort)
    [Anonymous Symbol]                       0x0800060c   Section        0  stm32f1xx_hal_dma.o(.text.HAL_DMA_Abort_IT)
    [Anonymous Symbol]                       0x0800072c   Section        0  stm32f1xx_hal_gpio.o(.text.HAL_GPIO_Init)
    [Anonymous Symbol]                       0x08000a5c   Section        0  stm32f1xx_hal_gpio.o(.text.HAL_GPIO_WritePin)
    [Anonymous Symbol]                       0x08000a90   Section        0  stm32f1xx_hal.o(.text.HAL_GetTick)
    [Anonymous Symbol]                       0x08000a9c   Section        0  stm32f1xx_hal.o(.text.HAL_IncTick)
    [Anonymous Symbol]                       0x08000ab8   Section        0  stm32f1xx_hal.o(.text.HAL_Init)
    [Anonymous Symbol]                       0x08000ae4   Section        0  stm32f1xx_hal.o(.text.HAL_InitTick)
    [Anonymous Symbol]                       0x08000b58   Section        0  stm32f1xx_hal_msp.o(.text.HAL_MspInit)
    [Anonymous Symbol]                       0x08000bbc   Section        0  stm32f1xx_hal_cortex.o(.text.HAL_NVIC_EnableIRQ)
    [Anonymous Symbol]                       0x08000bd4   Section        0  stm32f1xx_hal_cortex.o(.text.HAL_NVIC_SetPriority)
    [Anonymous Symbol]                       0x08000c14   Section        0  stm32f1xx_hal_cortex.o(.text.HAL_NVIC_SetPriorityGrouping)
    [Anonymous Symbol]                       0x08000c24   Section        0  stm32f1xx_hal_rcc.o(.text.HAL_RCC_ClockConfig)
    [Anonymous Symbol]                       0x08000e7c   Section        0  stm32f1xx_hal_rcc.o(.text.HAL_RCC_GetHCLKFreq)
    [Anonymous Symbol]                       0x08000e88   Section        0  stm32f1xx_hal_rcc.o(.text.HAL_RCC_GetPCLK1Freq)
    [Anonymous Symbol]                       0x08000eac   Section        0  stm32f1xx_hal_rcc.o(.text.HAL_RCC_GetPCLK2Freq)
    [Anonymous Symbol]                       0x08000ed0   Section        0  stm32f1xx_hal_rcc.o(.text.HAL_RCC_GetSysClockFreq)
    [Anonymous Symbol]                       0x08000f90   Section        0  stm32f1xx_hal_rcc.o(.text.HAL_RCC_OscConfig)
    [Anonymous Symbol]                       0x0800161c   Section        0  stm32f1xx_hal_cortex.o(.text.HAL_SYSTICK_Config)
    [Anonymous Symbol]                       0x0800162c   Section        0  stm32f1xx_hal_tim_ex.o(.text.HAL_TIMEx_ConfigBreakDeadTime)
    [Anonymous Symbol]                       0x080016e0   Section        0  stm32f1xx_hal_tim_ex.o(.text.HAL_TIMEx_MasterConfigSynchronization)
    [Anonymous Symbol]                       0x080017bc   Section        0  stm32f1xx_hal_tim.o(.text.HAL_TIM_Base_Init)
    [Anonymous Symbol]                       0x08001864   Section        0  stm32f1xx_hal_msp.o(.text.HAL_TIM_Base_MspInit)
    [Anonymous Symbol]                       0x080018a0   Section        0  stm32f1xx_hal_tim.o(.text.HAL_TIM_ConfigClockSource)
    [Anonymous Symbol]                       0x08001a44   Section        0  stm32f1xx_hal_msp.o(.text.HAL_TIM_MspPostInit)
    [Anonymous Symbol]                       0x08001aa4   Section        0  stm32f1xx_hal_tim.o(.text.HAL_TIM_PWM_ConfigChannel)
    [Anonymous Symbol]                       0x08001be8   Section        0  stm32f1xx_hal_tim.o(.text.HAL_TIM_PWM_Init)
    [Anonymous Symbol]                       0x08001c90   Section        0  stm32f1xx_hal_tim.o(.text.HAL_TIM_PWM_MspInit)
    [Anonymous Symbol]                       0x08001c98   Section        0  stm32f1xx_hal_tim.o(.text.HAL_TIM_PWM_Start)
    [Anonymous Symbol]                       0x08001dfc   Section        0  stm32f1xx_hal_uart.o(.text.HAL_UARTEx_RxEventCallback)
    [Anonymous Symbol]                       0x08001e0c   Section        0  stm32f1xx_hal_uart.o(.text.HAL_UART_ErrorCallback)
    [Anonymous Symbol]                       0x08001e14   Section        0  stm32f1xx_hal_uart.o(.text.HAL_UART_IRQHandler)
    [Anonymous Symbol]                       0x08002250   Section        0  stm32f1xx_hal_uart.o(.text.HAL_UART_Init)
    [Anonymous Symbol]                       0x080022f4   Section        0  stm32f1xx_hal_msp.o(.text.HAL_UART_MspInit)
    [Anonymous Symbol]                       0x080023a0   Section        0  stm32f1xx_hal_uart.o(.text.HAL_UART_Receive_IT)
    [Anonymous Symbol]                       0x080023fc   Section        0  main.o(.text.HAL_UART_RxCpltCallback)
    [Anonymous Symbol]                       0x08002498   Section        0  stm32f1xx_hal_uart.o(.text.HAL_UART_TxCpltCallback)
    [Anonymous Symbol]                       0x080024a0   Section        0  stm32f1xx_it.o(.text.HardFault_Handler)
    MX_GPIO_Init                             0x080024a5   Thumb Code   240  main.o(.text.MX_GPIO_Init)
    [Anonymous Symbol]                       0x080024a4   Section        0  main.o(.text.MX_GPIO_Init)
    MX_TIM1_Init                             0x08002595   Thumb Code   388  main.o(.text.MX_TIM1_Init)
    [Anonymous Symbol]                       0x08002594   Section        0  main.o(.text.MX_TIM1_Init)
    MX_USART2_UART_Init                      0x08002719   Thumb Code    60  main.o(.text.MX_USART2_UART_Init)
    [Anonymous Symbol]                       0x08002718   Section        0  main.o(.text.MX_USART2_UART_Init)
    [Anonymous Symbol]                       0x08002754   Section        0  stm32f1xx_it.o(.text.MemManage_Handler)
    [Anonymous Symbol]                       0x08002758   Section        0  motor.o(.text.Motor_Init)
    [Anonymous Symbol]                       0x0800279c   Section        0  motor.o(.text.Motor_SetDirection)
    [Anonymous Symbol]                       0x080027e4   Section        0  main.o(.text.Motor_SetPWM)
    [Anonymous Symbol]                       0x08002820   Section        0  stm32f1xx_it.o(.text.NMI_Handler)
    NVIC_EncodePriority                      0x08002825   Thumb Code   110  stm32f1xx_hal_cortex.o(.text.NVIC_EncodePriority)
    [Anonymous Symbol]                       0x08002824   Section        0  stm32f1xx_hal_cortex.o(.text.NVIC_EncodePriority)
    [Anonymous Symbol]                       0x08002894   Section        0  pwm.o(.text.PWMdutyChange)
    [Anonymous Symbol]                       0x08002924   Section        0  stm32f1xx_it.o(.text.PendSV_Handler)
    RCC_Delay                                0x08002929   Thumb Code    58  stm32f1xx_hal_rcc.o(.text.RCC_Delay)
    [Anonymous Symbol]                       0x08002928   Section        0  stm32f1xx_hal_rcc.o(.text.RCC_Delay)
    [Anonymous Symbol]                       0x08002964   Section        0  stm32f1xx_it.o(.text.SVC_Handler)
    SysTick_Config                           0x08002969   Thumb Code    82  stm32f1xx_hal_cortex.o(.text.SysTick_Config)
    [Anonymous Symbol]                       0x08002968   Section        0  stm32f1xx_hal_cortex.o(.text.SysTick_Config)
    [Anonymous Symbol]                       0x080029bc   Section        0  stm32f1xx_it.o(.text.SysTick_Handler)
    [Anonymous Symbol]                       0x080029c4   Section        0  main.o(.text.SystemClock_Config)
    [Anonymous Symbol]                       0x08002a3c   Section        0  system_stm32f1xx.o(.text.SystemInit)
    [Anonymous Symbol]                       0x08002a40   Section        0  stm32f1xx_hal_tim.o(.text.TIM_Base_SetConfig)
    [Anonymous Symbol]                       0x08002b30   Section        0  stm32f1xx_hal_tim.o(.text.TIM_CCxChannelCmd)
    [Anonymous Symbol]                       0x08002b68   Section        0  stm32f1xx_hal_tim.o(.text.TIM_ETR_SetConfig)
    TIM_ITRx_SetConfig                       0x08002b9d   Thumb Code    42  stm32f1xx_hal_tim.o(.text.TIM_ITRx_SetConfig)
    [Anonymous Symbol]                       0x08002b9c   Section        0  stm32f1xx_hal_tim.o(.text.TIM_ITRx_SetConfig)
    TIM_OC1_SetConfig                        0x08002bc9   Thumb Code   206  stm32f1xx_hal_tim.o(.text.TIM_OC1_SetConfig)
    [Anonymous Symbol]                       0x08002bc8   Section        0  stm32f1xx_hal_tim.o(.text.TIM_OC1_SetConfig)
    [Anonymous Symbol]                       0x08002c98   Section        0  stm32f1xx_hal_tim.o(.text.TIM_OC2_SetConfig)
    TIM_OC3_SetConfig                        0x08002d71   Thumb Code   214  stm32f1xx_hal_tim.o(.text.TIM_OC3_SetConfig)
    [Anonymous Symbol]                       0x08002d70   Section        0  stm32f1xx_hal_tim.o(.text.TIM_OC3_SetConfig)
    TIM_OC4_SetConfig                        0x08002e49   Thumb Code   150  stm32f1xx_hal_tim.o(.text.TIM_OC4_SetConfig)
    [Anonymous Symbol]                       0x08002e48   Section        0  stm32f1xx_hal_tim.o(.text.TIM_OC4_SetConfig)
    TIM_TI1_ConfigInputStage                 0x08002ee1   Thumb Code    80  stm32f1xx_hal_tim.o(.text.TIM_TI1_ConfigInputStage)
    [Anonymous Symbol]                       0x08002ee0   Section        0  stm32f1xx_hal_tim.o(.text.TIM_TI1_ConfigInputStage)
    TIM_TI2_ConfigInputStage                 0x08002f31   Thumb Code    82  stm32f1xx_hal_tim.o(.text.TIM_TI2_ConfigInputStage)
    [Anonymous Symbol]                       0x08002f30   Section        0  stm32f1xx_hal_tim.o(.text.TIM_TI2_ConfigInputStage)
    UART_DMAAbortOnError                     0x08002f85   Thumb Code    32  stm32f1xx_hal_uart.o(.text.UART_DMAAbortOnError)
    [Anonymous Symbol]                       0x08002f84   Section        0  stm32f1xx_hal_uart.o(.text.UART_DMAAbortOnError)
    UART_EndRxTransfer                       0x08002fa5   Thumb Code   148  stm32f1xx_hal_uart.o(.text.UART_EndRxTransfer)
    [Anonymous Symbol]                       0x08002fa4   Section        0  stm32f1xx_hal_uart.o(.text.UART_EndRxTransfer)
    UART_EndTransmit_IT                      0x08003039   Thumb Code    38  stm32f1xx_hal_uart.o(.text.UART_EndTransmit_IT)
    [Anonymous Symbol]                       0x08003038   Section        0  stm32f1xx_hal_uart.o(.text.UART_EndTransmit_IT)
    UART_Receive_IT                          0x08003061   Thumb Code   368  stm32f1xx_hal_uart.o(.text.UART_Receive_IT)
    [Anonymous Symbol]                       0x08003060   Section        0  stm32f1xx_hal_uart.o(.text.UART_Receive_IT)
    UART_SetConfig                           0x080031d1   Thumb Code   194  stm32f1xx_hal_uart.o(.text.UART_SetConfig)
    [Anonymous Symbol]                       0x080031d0   Section        0  stm32f1xx_hal_uart.o(.text.UART_SetConfig)
    [Anonymous Symbol]                       0x08003294   Section        0  stm32f1xx_hal_uart.o(.text.UART_Start_Receive_IT)
    UART_Transmit_IT                         0x080032fd   Thumb Code   152  stm32f1xx_hal_uart.o(.text.UART_Transmit_IT)
    [Anonymous Symbol]                       0x080032fc   Section        0  stm32f1xx_hal_uart.o(.text.UART_Transmit_IT)
    [Anonymous Symbol]                       0x08003394   Section        0  stm32f1xx_it.o(.text.USART2_IRQHandler)
    [Anonymous Symbol]                       0x080033a4   Section        0  stm32f1xx_it.o(.text.UsageFault_Handler)
    __NVIC_EnableIRQ                         0x080033a9   Thumb Code    52  stm32f1xx_hal_cortex.o(.text.__NVIC_EnableIRQ)
    [Anonymous Symbol]                       0x080033a8   Section        0  stm32f1xx_hal_cortex.o(.text.__NVIC_EnableIRQ)
    __NVIC_GetPriorityGrouping               0x080033dd   Thumb Code    16  stm32f1xx_hal_cortex.o(.text.__NVIC_GetPriorityGrouping)
    [Anonymous Symbol]                       0x080033dc   Section        0  stm32f1xx_hal_cortex.o(.text.__NVIC_GetPriorityGrouping)
    __NVIC_SetPriority                       0x080033ed   Thumb Code    68  stm32f1xx_hal_cortex.o(.text.__NVIC_SetPriority)
    [Anonymous Symbol]                       0x080033ec   Section        0  stm32f1xx_hal_cortex.o(.text.__NVIC_SetPriority)
    __NVIC_SetPriorityGrouping               0x08003431   Thumb Code    60  stm32f1xx_hal_cortex.o(.text.__NVIC_SetPriorityGrouping)
    [Anonymous Symbol]                       0x08003430   Section        0  stm32f1xx_hal_cortex.o(.text.__NVIC_SetPriorityGrouping)
    [Anonymous Symbol]                       0x0800346c   Section        0  cmd.o(.text.dataHandle)
    [Anonymous Symbol]                       0x080034b0   Section        0  main.o(.text.main)
    [Anonymous Symbol]                       0x080035b0   Section        0  motor.o(.text.motorControl)
    [Anonymous Symbol]                       0x08003708   Section        0  cmd.o(.text.moveHandle)
    [Anonymous Symbol]                       0x0800388c   Section        0  cmd.o(.text.rotateHandle)
    [Anonymous Symbol]                       0x080038fc   Section        0  cmd.o(.text.setSpeed)
    i.__ARM_fpclassify                       0x080039ae   Section        0  fpclassify.o(i.__ARM_fpclassify)
    i.__kernel_poly                          0x080039d6   Section        0  poly.o(i.__kernel_poly)
    i.__mathlib_dbl_divzero                  0x08003a80   Section        0  dunder.o(i.__mathlib_dbl_divzero)
    i.__mathlib_dbl_infnan2                  0x08003a90   Section        0  dunder.o(i.__mathlib_dbl_infnan2)
    i.__mathlib_dbl_invalid                  0x08003a94   Section        0  dunder.o(i.__mathlib_dbl_invalid)
    i.__mathlib_dbl_overflow                 0x08003aa0   Section        0  dunder.o(i.__mathlib_dbl_overflow)
    i.__mathlib_dbl_underflow                0x08003ab0   Section        0  dunder.o(i.__mathlib_dbl_underflow)
    i.pow                                    0x08003ac0   Section        0  pow.o(i.pow)
    i.sqrt                                   0x08004498   Section        0  sqrt.o(i.sqrt)
    x$fpl$dadd                               0x080044e4   Section      336  daddsub_clz.o(x$fpl$dadd)
    _dadd1                                   0x080044f5   Thumb Code     0  daddsub_clz.o(x$fpl$dadd)
    x$fpl$dcheck1                            0x08004634   Section       16  dcheck1.o(x$fpl$dcheck1)
    x$fpl$dcmpinf                            0x08004644   Section       24  dcmpi.o(x$fpl$dcmpinf)
    x$fpl$ddiv                               0x0800465c   Section      688  ddiv.o(x$fpl$ddiv)
    ddiv_entry                               0x08004663   Thumb Code     0  ddiv.o(x$fpl$ddiv)
    x$fpl$dfix                               0x0800490c   Section       94  dfix.o(x$fpl$dfix)
    x$fpl$dflt                               0x0800496a   Section       46  dflt_clz.o(x$fpl$dflt)
    x$fpl$dfltu                              0x08004998   Section       38  dflt_clz.o(x$fpl$dfltu)
    x$fpl$dleqf                              0x080049c0   Section      120  dleqf.o(x$fpl$dleqf)
    x$fpl$dmul                               0x08004a38   Section      340  dmul.o(x$fpl$dmul)
    x$fpl$dnaninf                            0x08004b8c   Section      156  dnaninf.o(x$fpl$dnaninf)
    x$fpl$dretinf                            0x08004c28   Section       12  dretinf.o(x$fpl$dretinf)
    x$fpl$drleqf                             0x08004c34   Section      108  drleqf.o(x$fpl$drleqf)
    x$fpl$drsb                               0x08004ca0   Section       22  daddsub_clz.o(x$fpl$drsb)
    x$fpl$dsqrt                              0x08004cb8   Section      460  dsqrt_noumaal.o(x$fpl$dsqrt)
    x$fpl$dsub                               0x08004e84   Section      468  daddsub_clz.o(x$fpl$dsub)
    _dsub1                                   0x08004e95   Thumb Code     0  daddsub_clz.o(x$fpl$dsub)
    x$fpl$retnan                             0x08005058   Section      100  retnan.o(x$fpl$retnan)
    x$fpl$scalbn                             0x080050bc   Section       92  scalbn.o(x$fpl$scalbn)
    x$fpl$trapveneer                         0x08005118   Section       48  trapv.o(x$fpl$trapveneer)
    bp                                       0x08005148   Data          16  pow.o(.constdata)
    .constdata                               0x08005148   Section      136  pow.o(.constdata)
    x$fpl$usenofp                            0x08005148   Section        0  usenofp.o(x$fpl$usenofp)
    dp_h                                     0x08005158   Data          16  pow.o(.constdata)
    dp_l                                     0x08005168   Data          16  pow.o(.constdata)
    L                                        0x08005178   Data          48  pow.o(.constdata)
    P                                        0x080051a8   Data          40  pow.o(.constdata)
    .constdata                               0x080051d0   Section        8  qnan.o(.constdata)
    HAL_RCC_GetSysClockFreq.aPLLMULFactorTable 0x080051f0   Data          16  stm32f1xx_hal_rcc.o(.rodata.HAL_RCC_GetSysClockFreq.aPLLMULFactorTable)
    [Anonymous Symbol]                       0x080051f0   Section        0  stm32f1xx_hal_rcc.o(.rodata.HAL_RCC_GetSysClockFreq.aPLLMULFactorTable)
    HAL_RCC_GetSysClockFreq.aPredivFactorTable 0x08005200   Data           2  stm32f1xx_hal_rcc.o(.rodata.HAL_RCC_GetSysClockFreq.aPredivFactorTable)
    [Anonymous Symbol]                       0x08005200   Section        0  stm32f1xx_hal_rcc.o(.rodata.HAL_RCC_GetSysClockFreq.aPredivFactorTable)
    .L.str.8                                 0x08005202   Data           9  cmd.o(.rodata.str1.1)
    [Anonymous Symbol]                       0x08005202   Section        0  cmd.o(.rodata.str1.1)
    .L.str.7                                 0x0800520b   Data           9  cmd.o(.rodata.str1.1)
    .L.str.5                                 0x08005214   Data           9  cmd.o(.rodata.str1.1)
    .L.str.4                                 0x0800521d   Data           9  cmd.o(.rodata.str1.1)
    .L.str.9                                 0x08005226   Data           9  cmd.o(.rodata.str1.1)
    .L.str.3                                 0x0800522f   Data           9  cmd.o(.rodata.str1.1)
    .L.str                                   0x08005238   Data           9  cmd.o(.rodata.str1.1)
    .L.str.6                                 0x08005241   Data           9  cmd.o(.rodata.str1.1)
    .L.str.1                                 0x0800524a   Data           9  cmd.o(.rodata.str1.1)
    .L.str.2                                 0x08005253   Data           9  cmd.o(.rodata.str1.1)
    .L.str.10                                0x0800525c   Data           9  cmd.o(.rodata.str1.1)
    .bss                                     0x20000010   Section       96  libspace.o(.bss)
    Heap_Mem                                 0x20000160   Data         512  startup_stm32f103xb.o(HEAP)
    HEAP                                     0x20000160   Section      512  startup_stm32f103xb.o(HEAP)
    Stack_Mem                                0x20000360   Data        1024  startup_stm32f103xb.o(STACK)
    STACK                                    0x20000360   Section     1024  startup_stm32f103xb.o(STACK)
    __initial_sp                             0x20000760   Data           0  startup_stm32f103xb.o(STACK)

    Global Symbols

    Symbol Name                              Value     Ov Type        Size  Object(Section)

    BuildAttributes$$THM_ISAv4$P$D$K$B$S$PE$A:L22UL41UL21$X:L11$S22US41US21$IEEE1$IW$~IW$USESV6$~STKCKD$USESV7$~SHL$OTIME$ROPI$IEEEX$EBA8$UX$STANDARDLIB$REQ8$PRES8$EABIv2 0x00000000   Number         0  anon$$obj.o ABSOLUTE
    __fp_init_empty                          0x00000000   Number         0  fpinit_empty.o ABSOLUTE
    __ARM_exceptions_init                     - Undefined Weak Reference
    __alloca_initialize                       - Undefined Weak Reference
    __arm_preinit_                            - Undefined Weak Reference
    __cpp_initialize__aeabi_                  - Undefined Weak Reference
    __cxa_finalize                            - Undefined Weak Reference
    __rt_locale                               - Undefined Weak Reference
    __sigvec_lookup                           - Undefined Weak Reference
    _atexit_init                              - Undefined Weak Reference
    _call_atexit_fns                          - Undefined Weak Reference
    _clock_init                               - Undefined Weak Reference
    _fp_trap_init                             - Undefined Weak Reference
    _fp_trap_shutdown                         - Undefined Weak Reference
    _get_lc_collate                           - Undefined Weak Reference
    _get_lc_ctype                             - Undefined Weak Reference
    _get_lc_monetary                          - Undefined Weak Reference
    _get_lc_numeric                           - Undefined Weak Reference
    _get_lc_time                              - Undefined Weak Reference
    _getenv_init                              - Undefined Weak Reference
    _handle_redirection                       - Undefined Weak Reference
    _init_alloc                               - Undefined Weak Reference
    _init_user_alloc                          - Undefined Weak Reference
    _initio                                   - Undefined Weak Reference
    _rand_init                                - Undefined Weak Reference
    _signal_finish                            - Undefined Weak Reference
    _signal_init                              - Undefined Weak Reference
    _terminate_alloc                          - Undefined Weak Reference
    _terminate_user_alloc                     - Undefined Weak Reference
    _terminateio                              - Undefined Weak Reference
    __Vectors_Size                           0x000000ec   Number         0  startup_stm32f103xb.o ABSOLUTE
    __Vectors                                0x08000000   Data           4  startup_stm32f103xb.o(RESET)
    __Vectors_End                            0x080000ec   Data           0  startup_stm32f103xb.o(RESET)
    __main                                   0x080000ed   Thumb Code     8  __main.o(!!!main)
    __scatterload                            0x080000f5   Thumb Code     0  __scatter.o(!!!scatter)
    __scatterload_rt2                        0x080000f5   Thumb Code    44  __scatter.o(!!!scatter)
    __scatterload_rt2_thumb_only             0x080000f5   Thumb Code     0  __scatter.o(!!!scatter)
    __scatterload_null                       0x08000103   Thumb Code     0  __scatter.o(!!!scatter)
    __scatterload_copy                       0x08000129   Thumb Code    26  __scatter_copy.o(!!handler_copy)
    __scatterload_zeroinit                   0x08000145   Thumb Code    28  __scatter_zi.o(!!handler_zi)
    __rt_lib_init                            0x08000161   Thumb Code     0  libinit.o(.ARM.Collect$$libinit$$00000000)
    __rt_lib_init_argv_1                     0x08000163   Thumb Code     0  libinit2.o(.ARM.Collect$$libinit$$00000027)
    __rt_lib_init_atexit_1                   0x08000163   Thumb Code     0  libinit2.o(.ARM.Collect$$libinit$$0000001B)
    __rt_lib_init_clock_1                    0x08000163   Thumb Code     0  libinit2.o(.ARM.Collect$$libinit$$00000021)
    __rt_lib_init_fp_1                       0x08000163   Thumb Code     0  libinit2.o(.ARM.Collect$$libinit$$00000002)
    __rt_lib_init_fp_trap_1                  0x08000163   Thumb Code     0  libinit2.o(.ARM.Collect$$libinit$$0000001F)
    __rt_lib_init_getenv_1                   0x08000163   Thumb Code     0  libinit2.o(.ARM.Collect$$libinit$$00000023)
    __rt_lib_init_heap_1                     0x08000163   Thumb Code     0  libinit2.o(.ARM.Collect$$libinit$$0000000A)
    __rt_lib_init_heapregion_libspace_used   0x08000163   Thumb Code     0  libinit2.o(.ARM.Collect$$libinit$$00000027)
    __rt_lib_init_lc_collate_1               0x08000163   Thumb Code     0  libinit2.o(.ARM.Collect$$libinit$$00000011)
    __rt_lib_init_lc_ctype_1                 0x08000163   Thumb Code     0  libinit2.o(.ARM.Collect$$libinit$$00000013)
    __rt_lib_init_lc_monetary_1              0x08000163   Thumb Code     0  libinit2.o(.ARM.Collect$$libinit$$00000015)
    __rt_lib_init_lc_numeric_1               0x08000163   Thumb Code     0  libinit2.o(.ARM.Collect$$libinit$$00000017)
    __rt_lib_init_lc_time_1                  0x08000163   Thumb Code     0  libinit2.o(.ARM.Collect$$libinit$$00000019)
    __rt_lib_init_preinit_1                  0x08000163   Thumb Code     0  libinit2.o(.ARM.Collect$$libinit$$00000004)
    __rt_lib_init_rand_1                     0x08000163   Thumb Code     0  libinit2.o(.ARM.Collect$$libinit$$0000000E)
    __rt_lib_init_signal_1                   0x08000163   Thumb Code     0  libinit2.o(.ARM.Collect$$libinit$$0000001D)
    __rt_lib_init_stdio_1                    0x08000163   Thumb Code     0  libinit2.o(.ARM.Collect$$libinit$$00000025)
    __rt_lib_init_user_alloc_1               0x08000163   Thumb Code     0  libinit2.o(.ARM.Collect$$libinit$$0000000C)
    __rt_lib_init_alloca_1                   0x0800016b   Thumb Code     0  libinit2.o(.ARM.Collect$$libinit$$0000002E)
    __rt_lib_init_cpp_1                      0x0800016b   Thumb Code     0  libinit2.o(.ARM.Collect$$libinit$$00000032)
    __rt_lib_init_exceptions_1               0x0800016b   Thumb Code     0  libinit2.o(.ARM.Collect$$libinit$$00000030)
    __rt_lib_init_return                     0x0800016b   Thumb Code     0  libinit2.o(.ARM.Collect$$libinit$$00000033)
    __rt_lib_shutdown                        0x0800016d   Thumb Code     0  libshutdown.o(.ARM.Collect$$libshutdown$$00000000)
    __rt_lib_shutdown_cpp_1                  0x0800016f   Thumb Code     0  libshutdown2.o(.ARM.Collect$$libshutdown$$00000002)
    __rt_lib_shutdown_fp_trap_1              0x0800016f   Thumb Code     0  libshutdown2.o(.ARM.Collect$$libshutdown$$00000007)
    __rt_lib_shutdown_heap_1                 0x0800016f   Thumb Code     0  libshutdown2.o(.ARM.Collect$$libshutdown$$0000000F)
    __rt_lib_shutdown_return                 0x0800016f   Thumb Code     0  libshutdown2.o(.ARM.Collect$$libshutdown$$00000010)
    __rt_lib_shutdown_signal_1               0x0800016f   Thumb Code     0  libshutdown2.o(.ARM.Collect$$libshutdown$$0000000A)
    __rt_lib_shutdown_stdio_1                0x0800016f   Thumb Code     0  libshutdown2.o(.ARM.Collect$$libshutdown$$00000004)
    __rt_lib_shutdown_user_alloc_1           0x0800016f   Thumb Code     0  libshutdown2.o(.ARM.Collect$$libshutdown$$0000000C)
    __rt_entry                               0x08000171   Thumb Code     0  __rtentry.o(.ARM.Collect$$rtentry$$00000000)
    __rt_entry_presh_1                       0x08000171   Thumb Code     0  __rtentry2.o(.ARM.Collect$$rtentry$$00000002)
    __rt_entry_sh                            0x08000171   Thumb Code     0  __rtentry4.o(.ARM.Collect$$rtentry$$00000004)
    __rt_entry_li                            0x08000177   Thumb Code     0  __rtentry2.o(.ARM.Collect$$rtentry$$0000000A)
    __rt_entry_postsh_1                      0x08000177   Thumb Code     0  __rtentry2.o(.ARM.Collect$$rtentry$$00000009)
    __rt_entry_main                          0x0800017b   Thumb Code     0  __rtentry2.o(.ARM.Collect$$rtentry$$0000000D)
    __rt_entry_postli_1                      0x0800017b   Thumb Code     0  __rtentry2.o(.ARM.Collect$$rtentry$$0000000C)
    __rt_exit                                0x08000183   Thumb Code     0  rtexit.o(.ARM.Collect$$rtexit$$00000000)
    __rt_exit_ls                             0x08000185   Thumb Code     0  rtexit2.o(.ARM.Collect$$rtexit$$00000003)
    __rt_exit_prels_1                        0x08000185   Thumb Code     0  rtexit2.o(.ARM.Collect$$rtexit$$00000002)
    __rt_exit_exit                           0x08000189   Thumb Code     0  rtexit2.o(.ARM.Collect$$rtexit$$00000004)
    __ARM_argv_veneer                        0x08000191   Thumb Code     4  argv_veneer.o(.emb_text)
    Reset_Handler                            0x08000195   Thumb Code     8  startup_stm32f103xb.o(.text)
    ADC1_2_IRQHandler                        0x080001af   Thumb Code     0  startup_stm32f103xb.o(.text)
    CAN1_RX1_IRQHandler                      0x080001af   Thumb Code     0  startup_stm32f103xb.o(.text)
    CAN1_SCE_IRQHandler                      0x080001af   Thumb Code     0  startup_stm32f103xb.o(.text)
    DMA1_Channel1_IRQHandler                 0x080001af   Thumb Code     0  startup_stm32f103xb.o(.text)
    DMA1_Channel2_IRQHandler                 0x080001af   Thumb Code     0  startup_stm32f103xb.o(.text)
    DMA1_Channel3_IRQHandler                 0x080001af   Thumb Code     0  startup_stm32f103xb.o(.text)
    DMA1_Channel4_IRQHandler                 0x080001af   Thumb Code     0  startup_stm32f103xb.o(.text)
    DMA1_Channel5_IRQHandler                 0x080001af   Thumb Code     0  startup_stm32f103xb.o(.text)
    DMA1_Channel6_IRQHandler                 0x080001af   Thumb Code     0  startup_stm32f103xb.o(.text)
    DMA1_Channel7_IRQHandler                 0x080001af   Thumb Code     0  startup_stm32f103xb.o(.text)
    EXTI0_IRQHandler                         0x080001af   Thumb Code     0  startup_stm32f103xb.o(.text)
    EXTI15_10_IRQHandler                     0x080001af   Thumb Code     0  startup_stm32f103xb.o(.text)
    EXTI1_IRQHandler                         0x080001af   Thumb Code     0  startup_stm32f103xb.o(.text)
    EXTI2_IRQHandler                         0x080001af   Thumb Code     0  startup_stm32f103xb.o(.text)
    EXTI3_IRQHandler                         0x080001af   Thumb Code     0  startup_stm32f103xb.o(.text)
    EXTI4_IRQHandler                         0x080001af   Thumb Code     0  startup_stm32f103xb.o(.text)
    EXTI9_5_IRQHandler                       0x080001af   Thumb Code     0  startup_stm32f103xb.o(.text)
    FLASH_IRQHandler                         0x080001af   Thumb Code     0  startup_stm32f103xb.o(.text)
    I2C1_ER_IRQHandler                       0x080001af   Thumb Code     0  startup_stm32f103xb.o(.text)
    I2C1_EV_IRQHandler                       0x080001af   Thumb Code     0  startup_stm32f103xb.o(.text)
    I2C2_ER_IRQHandler                       0x080001af   Thumb Code     0  startup_stm32f103xb.o(.text)
    I2C2_EV_IRQHandler                       0x080001af   Thumb Code     0  startup_stm32f103xb.o(.text)
    PVD_IRQHandler                           0x080001af   Thumb Code     0  startup_stm32f103xb.o(.text)
    RCC_IRQHandler                           0x080001af   Thumb Code     0  startup_stm32f103xb.o(.text)
    RTC_Alarm_IRQHandler                     0x080001af   Thumb Code     0  startup_stm32f103xb.o(.text)
    RTC_IRQHandler                           0x080001af   Thumb Code     0  startup_stm32f103xb.o(.text)
    SPI1_IRQHandler                          0x080001af   Thumb Code     0  startup_stm32f103xb.o(.text)
    SPI2_IRQHandler                          0x080001af   Thumb Code     0  startup_stm32f103xb.o(.text)
    TAMPER_IRQHandler                        0x080001af   Thumb Code     0  startup_stm32f103xb.o(.text)
    TIM1_BRK_IRQHandler                      0x080001af   Thumb Code     0  startup_stm32f103xb.o(.text)
    TIM1_CC_IRQHandler                       0x080001af   Thumb Code     0  startup_stm32f103xb.o(.text)
    TIM1_TRG_COM_IRQHandler                  0x080001af   Thumb Code     0  startup_stm32f103xb.o(.text)
    TIM1_UP_IRQHandler                       0x080001af   Thumb Code     0  startup_stm32f103xb.o(.text)
    TIM2_IRQHandler                          0x080001af   Thumb Code     0  startup_stm32f103xb.o(.text)
    TIM3_IRQHandler                          0x080001af   Thumb Code     0  startup_stm32f103xb.o(.text)
    TIM4_IRQHandler                          0x080001af   Thumb Code     0  startup_stm32f103xb.o(.text)
    USART1_IRQHandler                        0x080001af   Thumb Code     0  startup_stm32f103xb.o(.text)
    USART3_IRQHandler                        0x080001af   Thumb Code     0  startup_stm32f103xb.o(.text)
    USBWakeUp_IRQHandler                     0x080001af   Thumb Code     0  startup_stm32f103xb.o(.text)
    USB_HP_CAN1_TX_IRQHandler                0x080001af   Thumb Code     0  startup_stm32f103xb.o(.text)
    USB_LP_CAN1_RX0_IRQHandler               0x080001af   Thumb Code     0  startup_stm32f103xb.o(.text)
    WWDG_IRQHandler                          0x080001af   Thumb Code     0  startup_stm32f103xb.o(.text)
    __user_initial_stackheap                 0x080001b1   Thumb Code     0  startup_stm32f103xb.o(.text)
    strcpy                                   0x080001d5   Thumb Code    72  strcpy.o(.text)
    strlen                                   0x0800021d   Thumb Code    62  strlen.o(.text)
    __aeabi_memclr                           0x0800025b   Thumb Code     0  rt_memclr.o(.text)
    __rt_memclr                              0x0800025b   Thumb Code    68  rt_memclr.o(.text)
    _memset                                  0x0800025f   Thumb Code     0  rt_memclr.o(.text)
    __aeabi_memclr4                          0x0800029f   Thumb Code     0  rt_memclr_w.o(.text)
    __aeabi_memclr8                          0x0800029f   Thumb Code     0  rt_memclr_w.o(.text)
    __rt_memclr_w                            0x0800029f   Thumb Code    78  rt_memclr_w.o(.text)
    _memset_w                                0x080002a3   Thumb Code     0  rt_memclr_w.o(.text)
    __use_two_region_memory                  0x080002ed   Thumb Code     2  heapauxi.o(.text)
    __rt_heap_escrow$2region                 0x080002ef   Thumb Code     2  heapauxi.o(.text)
    __rt_heap_expand$2region                 0x080002f1   Thumb Code     2  heapauxi.o(.text)
    __read_errno                             0x080002f3   Thumb Code    10  _rserrno.o(.text)
    __set_errno                              0x080002fd   Thumb Code    12  _rserrno.o(.text)
    __aeabi_errno_addr                       0x08000309   Thumb Code     8  rt_errno_addr_intlibspace.o(.text)
    __errno$intlibspace                      0x08000309   Thumb Code     0  rt_errno_addr_intlibspace.o(.text)
    __rt_errno_addr$intlibspace              0x08000309   Thumb Code     0  rt_errno_addr_intlibspace.o(.text)
    __user_libspace                          0x08000311   Thumb Code     8  libspace.o(.text)
    __user_perproc_libspace                  0x08000311   Thumb Code     0  libspace.o(.text)
    __user_perthread_libspace                0x08000311   Thumb Code     0  libspace.o(.text)
    __user_setup_stackheap                   0x08000319   Thumb Code    74  sys_stackheap_outer.o(.text)
    exit                                     0x08000363   Thumb Code    18  exit.o(.text)
    _sys_exit                                0x08000375   Thumb Code     8  sys_exit.o(.text)
    __argv_alloc                             0x08000381   Thumb Code    34  _get_argv_nomalloc.o(.text)
    __ARM_get_argv                           0x080003a3   Thumb Code   268  _get_argv_nomalloc.o(.text)
    _sys_command_string                      0x080004af   Thumb Code    24  sys_command.o(.text)
    __I$use$semihosting                      0x080004c7   Thumb Code     0  use_no_semi.o(.text)
    __use_no_semihosting_swi                 0x080004c7   Thumb Code     2  use_no_semi.o(.text)
    __semihosting_library_function           0x080004c9   Thumb Code     0  indicate_semi.o(.text)
    __use_no_heap_region                     0x080004c9   Thumb Code     2  hrguard.o(.text)
    __heap_region$guard                      0x080004cb   Thumb Code     2  hrguard.o(.text)
    __rt_SIGRTMEM                            0x080004cd   Thumb Code    14  defsig_rtmem_outer.o(.text)
    __sig_exit                               0x080004db   Thumb Code    10  defsig_exit.o(.text)
    __rt_SIGRTMEM_inner                      0x080004e5   Thumb Code    22  defsig_rtmem_inner.o(.text)
    __default_signal_display                 0x08000535   Thumb Code    50  defsig_general.o(.text)
    _ttywrch                                 0x08000567   Thumb Code    14  sys_wrch.o(.text)
    BusFault_Handler                         0x08000575   Thumb Code     4  stm32f1xx_it.o(.text.BusFault_Handler)
    DebugMon_Handler                         0x08000579   Thumb Code     2  stm32f1xx_it.o(.text.DebugMon_Handler)
    Error_Handler                            0x0800057d   Thumb Code    14  main.o(.text.Error_Handler)
    HAL_DMA_Abort                            0x0800058d   Thumb Code   126  stm32f1xx_hal_dma.o(.text.HAL_DMA_Abort)
    HAL_DMA_Abort_IT                         0x0800060d   Thumb Code   286  stm32f1xx_hal_dma.o(.text.HAL_DMA_Abort_IT)
    HAL_GPIO_Init                            0x0800072d   Thumb Code   814  stm32f1xx_hal_gpio.o(.text.HAL_GPIO_Init)
    HAL_GPIO_WritePin                        0x08000a5d   Thumb Code    52  stm32f1xx_hal_gpio.o(.text.HAL_GPIO_WritePin)
    HAL_GetTick                              0x08000a91   Thumb Code    12  stm32f1xx_hal.o(.text.HAL_GetTick)
    HAL_IncTick                              0x08000a9d   Thumb Code    26  stm32f1xx_hal.o(.text.HAL_IncTick)
    HAL_Init                                 0x08000ab9   Thumb Code    44  stm32f1xx_hal.o(.text.HAL_Init)
    HAL_InitTick                             0x08000ae5   Thumb Code   114  stm32f1xx_hal.o(.text.HAL_InitTick)
    HAL_MspInit                              0x08000b59   Thumb Code   100  stm32f1xx_hal_msp.o(.text.HAL_MspInit)
    HAL_NVIC_EnableIRQ                       0x08000bbd   Thumb Code    24  stm32f1xx_hal_cortex.o(.text.HAL_NVIC_EnableIRQ)
    HAL_NVIC_SetPriority                     0x08000bd5   Thumb Code    64  stm32f1xx_hal_cortex.o(.text.HAL_NVIC_SetPriority)
    HAL_NVIC_SetPriorityGrouping             0x08000c15   Thumb Code    16  stm32f1xx_hal_cortex.o(.text.HAL_NVIC_SetPriorityGrouping)
    HAL_RCC_ClockConfig                      0x08000c25   Thumb Code   600  stm32f1xx_hal_rcc.o(.text.HAL_RCC_ClockConfig)
    HAL_RCC_GetHCLKFreq                      0x08000e7d   Thumb Code    12  stm32f1xx_hal_rcc.o(.text.HAL_RCC_GetHCLKFreq)
    HAL_RCC_GetPCLK1Freq                     0x08000e89   Thumb Code    34  stm32f1xx_hal_rcc.o(.text.HAL_RCC_GetPCLK1Freq)
    HAL_RCC_GetPCLK2Freq                     0x08000ead   Thumb Code    34  stm32f1xx_hal_rcc.o(.text.HAL_RCC_GetPCLK2Freq)
    HAL_RCC_GetSysClockFreq                  0x08000ed1   Thumb Code   190  stm32f1xx_hal_rcc.o(.text.HAL_RCC_GetSysClockFreq)
    HAL_RCC_OscConfig                        0x08000f91   Thumb Code  1674  stm32f1xx_hal_rcc.o(.text.HAL_RCC_OscConfig)
    HAL_SYSTICK_Config                       0x0800161d   Thumb Code    16  stm32f1xx_hal_cortex.o(.text.HAL_SYSTICK_Config)
    HAL_TIMEx_ConfigBreakDeadTime            0x0800162d   Thumb Code   178  stm32f1xx_hal_tim_ex.o(.text.HAL_TIMEx_ConfigBreakDeadTime)
    HAL_TIMEx_MasterConfigSynchronization    0x080016e1   Thumb Code   220  stm32f1xx_hal_tim_ex.o(.text.HAL_TIMEx_MasterConfigSynchronization)
    HAL_TIM_Base_Init                        0x080017bd   Thumb Code   166  stm32f1xx_hal_tim.o(.text.HAL_TIM_Base_Init)
    HAL_TIM_Base_MspInit                     0x08001865   Thumb Code    58  stm32f1xx_hal_msp.o(.text.HAL_TIM_Base_MspInit)
    HAL_TIM_ConfigClockSource                0x080018a1   Thumb Code   420  stm32f1xx_hal_tim.o(.text.HAL_TIM_ConfigClockSource)
    HAL_TIM_MspPostInit                      0x08001a45   Thumb Code    96  stm32f1xx_hal_msp.o(.text.HAL_TIM_MspPostInit)
    HAL_TIM_PWM_ConfigChannel                0x08001aa5   Thumb Code   322  stm32f1xx_hal_tim.o(.text.HAL_TIM_PWM_ConfigChannel)
    HAL_TIM_PWM_Init                         0x08001be9   Thumb Code   166  stm32f1xx_hal_tim.o(.text.HAL_TIM_PWM_Init)
    HAL_TIM_PWM_MspInit                      0x08001c91   Thumb Code     8  stm32f1xx_hal_tim.o(.text.HAL_TIM_PWM_MspInit)
    HAL_TIM_PWM_Start                        0x08001c99   Thumb Code   356  stm32f1xx_hal_tim.o(.text.HAL_TIM_PWM_Start)
    HAL_UARTEx_RxEventCallback               0x08001dfd   Thumb Code    14  stm32f1xx_hal_uart.o(.text.HAL_UARTEx_RxEventCallback)
    HAL_UART_ErrorCallback                   0x08001e0d   Thumb Code     8  stm32f1xx_hal_uart.o(.text.HAL_UART_ErrorCallback)
    HAL_UART_IRQHandler                      0x08001e15   Thumb Code  1084  stm32f1xx_hal_uart.o(.text.HAL_UART_IRQHandler)
    HAL_UART_Init                            0x08002251   Thumb Code   164  stm32f1xx_hal_uart.o(.text.HAL_UART_Init)
    HAL_UART_MspInit                         0x080022f5   Thumb Code   170  stm32f1xx_hal_msp.o(.text.HAL_UART_MspInit)
    HAL_UART_Receive_IT                      0x080023a1   Thumb Code    92  stm32f1xx_hal_uart.o(.text.HAL_UART_Receive_IT)
    HAL_UART_RxCpltCallback                  0x080023fd   Thumb Code   154  main.o(.text.HAL_UART_RxCpltCallback)
    HAL_UART_TxCpltCallback                  0x08002499   Thumb Code     8  stm32f1xx_hal_uart.o(.text.HAL_UART_TxCpltCallback)
    HardFault_Handler                        0x080024a1   Thumb Code     4  stm32f1xx_it.o(.text.HardFault_Handler)
    MemManage_Handler                        0x08002755   Thumb Code     4  stm32f1xx_it.o(.text.MemManage_Handler)
    Motor_Init                               0x08002759   Thumb Code    68  motor.o(.text.Motor_Init)
    Motor_SetDirection                       0x0800279d   Thumb Code    72  motor.o(.text.Motor_SetDirection)
    Motor_SetPWM                             0x080027e5   Thumb Code    60  main.o(.text.Motor_SetPWM)
    NMI_Handler                              0x08002821   Thumb Code     4  stm32f1xx_it.o(.text.NMI_Handler)
    PWMdutyChange                            0x08002895   Thumb Code   142  pwm.o(.text.PWMdutyChange)
    PendSV_Handler                           0x08002925   Thumb Code     2  stm32f1xx_it.o(.text.PendSV_Handler)
    SVC_Handler                              0x08002965   Thumb Code     2  stm32f1xx_it.o(.text.SVC_Handler)
    SysTick_Handler                          0x080029bd   Thumb Code     8  stm32f1xx_it.o(.text.SysTick_Handler)
    SystemClock_Config                       0x080029c5   Thumb Code   118  main.o(.text.SystemClock_Config)
    SystemInit                               0x08002a3d   Thumb Code     2  system_stm32f1xx.o(.text.SystemInit)
    TIM_Base_SetConfig                       0x08002a41   Thumb Code   240  stm32f1xx_hal_tim.o(.text.TIM_Base_SetConfig)
    TIM_CCxChannelCmd                        0x08002b31   Thumb Code    56  stm32f1xx_hal_tim.o(.text.TIM_CCxChannelCmd)
    TIM_ETR_SetConfig                        0x08002b69   Thumb Code    52  stm32f1xx_hal_tim.o(.text.TIM_ETR_SetConfig)
    TIM_OC2_SetConfig                        0x08002c99   Thumb Code   216  stm32f1xx_hal_tim.o(.text.TIM_OC2_SetConfig)
    UART_Start_Receive_IT                    0x08003295   Thumb Code   102  stm32f1xx_hal_uart.o(.text.UART_Start_Receive_IT)
    USART2_IRQHandler                        0x08003395   Thumb Code    16  stm32f1xx_it.o(.text.USART2_IRQHandler)
    UsageFault_Handler                       0x080033a5   Thumb Code     4  stm32f1xx_it.o(.text.UsageFault_Handler)
    dataHandle                               0x0800346d   Thumb Code    66  cmd.o(.text.dataHandle)
    main                                     0x080034b1   Thumb Code   254  main.o(.text.main)
    motorControl                             0x080035b1   Thumb Code   342  motor.o(.text.motorControl)
    moveHandle                               0x08003709   Thumb Code   386  cmd.o(.text.moveHandle)
    rotateHandle                             0x0800388d   Thumb Code   110  cmd.o(.text.rotateHandle)
    setSpeed                                 0x080038fd   Thumb Code   178  cmd.o(.text.setSpeed)
    __ARM_fpclassify                         0x080039af   Thumb Code    40  fpclassify.o(i.__ARM_fpclassify)
    __kernel_poly                            0x080039d7   Thumb Code   170  poly.o(i.__kernel_poly)
    __mathlib_dbl_divzero                    0x08003a81   Thumb Code    12  dunder.o(i.__mathlib_dbl_divzero)
    __mathlib_dbl_infnan2                    0x08003a91   Thumb Code     4  dunder.o(i.__mathlib_dbl_infnan2)
    __mathlib_dbl_invalid                    0x08003a95   Thumb Code    12  dunder.o(i.__mathlib_dbl_invalid)
    __mathlib_dbl_overflow                   0x08003aa1   Thumb Code    14  dunder.o(i.__mathlib_dbl_overflow)
    __mathlib_dbl_underflow                  0x08003ab1   Thumb Code    10  dunder.o(i.__mathlib_dbl_underflow)
    pow                                      0x08003ac1   Thumb Code  2512  pow.o(i.pow)
    sqrt                                     0x08004499   Thumb Code    76  sqrt.o(i.sqrt)
    __aeabi_dadd                             0x080044e5   Thumb Code     0  daddsub_clz.o(x$fpl$dadd)
    _dadd                                    0x080044e5   Thumb Code   332  daddsub_clz.o(x$fpl$dadd)
    __fpl_dcheck_NaN1                        0x08004635   Thumb Code    10  dcheck1.o(x$fpl$dcheck1)
    __fpl_dcmp_Inf                           0x08004645   Thumb Code    24  dcmpi.o(x$fpl$dcmpinf)
    __aeabi_ddiv                             0x0800465d   Thumb Code     0  ddiv.o(x$fpl$ddiv)
    _ddiv                                    0x0800465d   Thumb Code   552  ddiv.o(x$fpl$ddiv)
    __aeabi_d2iz                             0x0800490d   Thumb Code     0  dfix.o(x$fpl$dfix)
    _dfix                                    0x0800490d   Thumb Code    94  dfix.o(x$fpl$dfix)
    __aeabi_i2d                              0x0800496b   Thumb Code     0  dflt_clz.o(x$fpl$dflt)
    _dflt                                    0x0800496b   Thumb Code    46  dflt_clz.o(x$fpl$dflt)
    __aeabi_ui2d                             0x08004999   Thumb Code     0  dflt_clz.o(x$fpl$dfltu)
    _dfltu                                   0x08004999   Thumb Code    38  dflt_clz.o(x$fpl$dfltu)
    __aeabi_cdcmple                          0x080049c1   Thumb Code     0  dleqf.o(x$fpl$dleqf)
    _dcmple                                  0x080049c1   Thumb Code   120  dleqf.o(x$fpl$dleqf)
    __fpl_dcmple_InfNaN                      0x08004a23   Thumb Code     0  dleqf.o(x$fpl$dleqf)
    __aeabi_dmul                             0x08004a39   Thumb Code     0  dmul.o(x$fpl$dmul)
    _dmul                                    0x08004a39   Thumb Code   332  dmul.o(x$fpl$dmul)
    __fpl_dnaninf                            0x08004b8d   Thumb Code   156  dnaninf.o(x$fpl$dnaninf)
    __fpl_dretinf                            0x08004c29   Thumb Code    12  dretinf.o(x$fpl$dretinf)
    __aeabi_cdrcmple                         0x08004c35   Thumb Code     0  drleqf.o(x$fpl$drleqf)
    _drcmple                                 0x08004c35   Thumb Code   108  drleqf.o(x$fpl$drleqf)
    __aeabi_drsub                            0x08004ca1   Thumb Code     0  daddsub_clz.o(x$fpl$drsb)
    _drsb                                    0x08004ca1   Thumb Code    22  daddsub_clz.o(x$fpl$drsb)
    _dsqrt                                   0x08004cb9   Thumb Code   456  dsqrt_noumaal.o(x$fpl$dsqrt)
    __aeabi_dsub                             0x08004e85   Thumb Code     0  daddsub_clz.o(x$fpl$dsub)
    _dsub                                    0x08004e85   Thumb Code   464  daddsub_clz.o(x$fpl$dsub)
    __fpl_return_NaN                         0x08005059   Thumb Code   100  retnan.o(x$fpl$retnan)
    __ARM_scalbn                             0x080050bd   Thumb Code    92  scalbn.o(x$fpl$scalbn)
    __fpl_cmpreturn                          0x08005119   Thumb Code    48  trapv.o(x$fpl$trapveneer)
    __I$use$fp                               0x08005148   Number         0  usenofp.o(x$fpl$usenofp)
    __mathlib_zero                           0x080051d0   Data           8  qnan.o(.constdata)
    AHBPrescTable                            0x080051d8   Data          16  system_stm32f1xx.o(.rodata.AHBPrescTable)
    APBPrescTable                            0x080051e8   Data           8  system_stm32f1xx.o(.rodata.APBPrescTable)
    Region$$Table$$Base                      0x08005268   Number         0  anon$$obj.o(Region$$Table)
    Region$$Table$$Limit                     0x08005288   Number         0  anon$$obj.o(Region$$Table)
    SystemCoreClock                          0x20000000   Data           4  system_stm32f1xx.o(.data.SystemCoreClock)
    uwTickFreq                               0x20000004   Data           1  stm32f1xx_hal.o(.data.uwTickFreq)
    uwTickPrio                               0x20000008   Data           4  stm32f1xx_hal.o(.data.uwTickPrio)
    __libspace_start                         0x20000010   Data          96  libspace.o(.bss)
    MF_L                                     0x20000070   Data          16  main.o(.bss.MF_L)
    __temporary_stack_top$libspace           0x20000070   Data           0  libspace.o(.bss)
    MF_R                                     0x20000080   Data          16  main.o(.bss.MF_R)
    MR_L                                     0x20000090   Data          16  main.o(.bss.MR_L)
    MR_R                                     0x200000a0   Data          16  main.o(.bss.MR_R)
    PWM                                      0x200000b0   Data           2  main.o(.bss.PWM)
    dataBuffer                               0x200000b2   Data          10  main.o(.bss.dataBuffer)
    data_rx                                  0x200000bc   Data           1  main.o(.bss.data_rx)
    htim1                                    0x200000c0   Data          72  main.o(.bss.htim1)
    huart2                                   0x20000108   Data          72  main.o(.bss.huart2)
    rxBuffer                                 0x20000150   Data          10  main.o(.bss.rxBuffer)
    rxIndex                                  0x2000015a   Data           2  main.o(.bss.rxIndex)
    uwTick                                   0x2000015c   Data           4  stm32f1xx_hal.o(.bss.uwTick)



==============================================================================

Memory Map of the image

  Image Entry point : 0x080000ed

  Load Region LR_IROM1 (Base: 0x08000000, Size: 0x00005298, Max: 0x00010000, ABSOLUTE)

    Execution Region ER_IROM1 (Exec base: 0x08000000, Load base: 0x08000000, Size: 0x00005288, Max: 0x00010000, ABSOLUTE)

    Exec Addr    Load Addr    Size         Type   Attr      Idx    E Section Name        Object

    0x08000000   0x08000000   0x000000ec   Data   RO            3    RESET               startup_stm32f103xb.o
    0x080000ec   0x080000ec   0x00000008   Code   RO         1014  * !!!main             c_w.l(__main.o)
    0x080000f4   0x080000f4   0x00000034   Code   RO         1264    !!!scatter          c_w.l(__scatter.o)
    0x08000128   0x08000128   0x0000001a   Code   RO         1266    !!handler_copy      c_w.l(__scatter_copy.o)
    0x08000142   0x08000142   0x00000002   PAD
    0x08000144   0x08000144   0x0000001c   Code   RO         1268    !!handler_zi        c_w.l(__scatter_zi.o)
    0x08000160   0x08000160   0x00000002   Code   RO         1125    .ARM.Collect$$libinit$$00000000  c_w.l(libinit.o)
    0x08000162   0x08000162   0x00000000   Code   RO         1133    .ARM.Collect$$libinit$$00000002  c_w.l(libinit2.o)
    0x08000162   0x08000162   0x00000000   Code   RO         1135    .ARM.Collect$$libinit$$00000004  c_w.l(libinit2.o)
    0x08000162   0x08000162   0x00000000   Code   RO         1138    .ARM.Collect$$libinit$$0000000A  c_w.l(libinit2.o)
    0x08000162   0x08000162   0x00000000   Code   RO         1140    .ARM.Collect$$libinit$$0000000C  c_w.l(libinit2.o)
    0x08000162   0x08000162   0x00000000   Code   RO         1142    .ARM.Collect$$libinit$$0000000E  c_w.l(libinit2.o)
    0x08000162   0x08000162   0x00000000   Code   RO         1145    .ARM.Collect$$libinit$$00000011  c_w.l(libinit2.o)
    0x08000162   0x08000162   0x00000000   Code   RO         1147    .ARM.Collect$$libinit$$00000013  c_w.l(libinit2.o)
    0x08000162   0x08000162   0x00000000   Code   RO         1149    .ARM.Collect$$libinit$$00000015  c_w.l(libinit2.o)
    0x08000162   0x08000162   0x00000000   Code   RO         1151    .ARM.Collect$$libinit$$00000017  c_w.l(libinit2.o)
    0x08000162   0x08000162   0x00000000   Code   RO         1153    .ARM.Collect$$libinit$$00000019  c_w.l(libinit2.o)
    0x08000162   0x08000162   0x00000000   Code   RO         1155    .ARM.Collect$$libinit$$0000001B  c_w.l(libinit2.o)
    0x08000162   0x08000162   0x00000000   Code   RO         1157    .ARM.Collect$$libinit$$0000001D  c_w.l(libinit2.o)
    0x08000162   0x08000162   0x00000000   Code   RO         1159    .ARM.Collect$$libinit$$0000001F  c_w.l(libinit2.o)
    0x08000162   0x08000162   0x00000000   Code   RO         1161    .ARM.Collect$$libinit$$00000021  c_w.l(libinit2.o)
    0x08000162   0x08000162   0x00000000   Code   RO         1163    .ARM.Collect$$libinit$$00000023  c_w.l(libinit2.o)
    0x08000162   0x08000162   0x00000000   Code   RO         1165    .ARM.Collect$$libinit$$00000025  c_w.l(libinit2.o)
    0x08000162   0x08000162   0x00000008   Code   RO         1167    .ARM.Collect$$libinit$$00000027  c_w.l(libinit2.o)
    0x0800016a   0x0800016a   0x00000000   Code   RO         1171    .ARM.Collect$$libinit$$0000002E  c_w.l(libinit2.o)
    0x0800016a   0x0800016a   0x00000000   Code   RO         1173    .ARM.Collect$$libinit$$00000030  c_w.l(libinit2.o)
    0x0800016a   0x0800016a   0x00000000   Code   RO         1175    .ARM.Collect$$libinit$$00000032  c_w.l(libinit2.o)
    0x0800016a   0x0800016a   0x00000002   Code   RO         1176    .ARM.Collect$$libinit$$00000033  c_w.l(libinit2.o)
    0x0800016c   0x0800016c   0x00000002   Code   RO         1200    .ARM.Collect$$libshutdown$$00000000  c_w.l(libshutdown.o)
    0x0800016e   0x0800016e   0x00000000   Code   RO         1215    .ARM.Collect$$libshutdown$$00000002  c_w.l(libshutdown2.o)
    0x0800016e   0x0800016e   0x00000000   Code   RO         1217    .ARM.Collect$$libshutdown$$00000004  c_w.l(libshutdown2.o)
    0x0800016e   0x0800016e   0x00000000   Code   RO         1220    .ARM.Collect$$libshutdown$$00000007  c_w.l(libshutdown2.o)
    0x0800016e   0x0800016e   0x00000000   Code   RO         1223    .ARM.Collect$$libshutdown$$0000000A  c_w.l(libshutdown2.o)
    0x0800016e   0x0800016e   0x00000000   Code   RO         1225    .ARM.Collect$$libshutdown$$0000000C  c_w.l(libshutdown2.o)
    0x0800016e   0x0800016e   0x00000000   Code   RO         1228    .ARM.Collect$$libshutdown$$0000000F  c_w.l(libshutdown2.o)
    0x0800016e   0x0800016e   0x00000002   Code   RO         1229    .ARM.Collect$$libshutdown$$00000010  c_w.l(libshutdown2.o)
    0x08000170   0x08000170   0x00000000   Code   RO         1044    .ARM.Collect$$rtentry$$00000000  c_w.l(__rtentry.o)
    0x08000170   0x08000170   0x00000000   Code   RO         1088    .ARM.Collect$$rtentry$$00000002  c_w.l(__rtentry2.o)
    0x08000170   0x08000170   0x00000006   Code   RO         1100    .ARM.Collect$$rtentry$$00000004  c_w.l(__rtentry4.o)
    0x08000176   0x08000176   0x00000000   Code   RO         1090    .ARM.Collect$$rtentry$$00000009  c_w.l(__rtentry2.o)
    0x08000176   0x08000176   0x00000004   Code   RO         1091    .ARM.Collect$$rtentry$$0000000A  c_w.l(__rtentry2.o)
    0x0800017a   0x0800017a   0x00000000   Code   RO         1093    .ARM.Collect$$rtentry$$0000000C  c_w.l(__rtentry2.o)
    0x0800017a   0x0800017a   0x00000008   Code   RO         1094    .ARM.Collect$$rtentry$$0000000D  c_w.l(__rtentry2.o)
    0x08000182   0x08000182   0x00000002   Code   RO         1130    .ARM.Collect$$rtexit$$00000000  c_w.l(rtexit.o)
    0x08000184   0x08000184   0x00000000   Code   RO         1180    .ARM.Collect$$rtexit$$00000002  c_w.l(rtexit2.o)
    0x08000184   0x08000184   0x00000004   Code   RO         1181    .ARM.Collect$$rtexit$$00000003  c_w.l(rtexit2.o)
    0x08000188   0x08000188   0x00000006   Code   RO         1182    .ARM.Collect$$rtexit$$00000004  c_w.l(rtexit2.o)
    0x0800018e   0x0800018e   0x00000002   PAD
    0x08000190   0x08000190   0x00000004   Code   RO         1186    .emb_text           c_w.l(argv_veneer.o)
    0x08000194   0x08000194   0x00000040   Code   RO            4    .text               startup_stm32f103xb.o
    0x080001d4   0x080001d4   0x00000048   Code   RO         1004    .text               c_w.l(strcpy.o)
    0x0800021c   0x0800021c   0x0000003e   Code   RO         1006    .text               c_w.l(strlen.o)
    0x0800025a   0x0800025a   0x00000044   Code   RO         1008    .text               c_w.l(rt_memclr.o)
    0x0800029e   0x0800029e   0x0000004e   Code   RO         1010    .text               c_w.l(rt_memclr_w.o)
    0x080002ec   0x080002ec   0x00000006   Code   RO         1012    .text               c_w.l(heapauxi.o)
    0x080002f2   0x080002f2   0x00000016   Code   RO         1045    .text               c_w.l(_rserrno.o)
    0x08000308   0x08000308   0x00000008   Code   RO         1105    .text               c_w.l(rt_errno_addr_intlibspace.o)
    0x08000310   0x08000310   0x00000008   Code   RO         1113    .text               c_w.l(libspace.o)
    0x08000318   0x08000318   0x0000004a   Code   RO         1116    .text               c_w.l(sys_stackheap_outer.o)
    0x08000362   0x08000362   0x00000012   Code   RO         1118    .text               c_w.l(exit.o)
    0x08000374   0x08000374   0x0000000c   Code   RO         1190    .text               c_w.l(sys_exit.o)
    0x08000380   0x08000380   0x0000012e   Code   RO         1196    .text               c_w.l(_get_argv_nomalloc.o)
    0x080004ae   0x080004ae   0x00000018   Code   RO         1201    .text               c_w.l(sys_command.o)
    0x080004c6   0x080004c6   0x00000002   Code   RO         1205    .text               c_w.l(use_no_semi.o)
    0x080004c8   0x080004c8   0x00000000   Code   RO         1207    .text               c_w.l(indicate_semi.o)
    0x080004c8   0x080004c8   0x00000004   Code   RO         1208    .text               c_w.l(hrguard.o)
    0x080004cc   0x080004cc   0x0000000e   Code   RO         1210    .text               c_w.l(defsig_rtmem_outer.o)
    0x080004da   0x080004da   0x0000000a   Code   RO         1232    .text               c_w.l(defsig_exit.o)
    0x080004e4   0x080004e4   0x00000050   Code   RO         1234    .text               c_w.l(defsig_rtmem_inner.o)
    0x08000534   0x08000534   0x00000032   Code   RO         1238    .text               c_w.l(defsig_general.o)
    0x08000566   0x08000566   0x0000000e   Code   RO         1240    .text               c_w.l(sys_wrch.o)
    0x08000574   0x08000574   0x00000004   Code   RO           52    .text.BusFault_Handler  stm32f1xx_it.o
    0x08000578   0x08000578   0x00000002   Code   RO           58    .text.DebugMon_Handler  stm32f1xx_it.o
    0x0800057a   0x0800057a   0x00000002   PAD
    0x0800057c   0x0800057c   0x0000000e   Code   RO           25    .text.Error_Handler  main.o
    0x0800058a   0x0800058a   0x00000002   PAD
    0x0800058c   0x0800058c   0x0000007e   Code   RO          588    .text.HAL_DMA_Abort  stm32f1xx_hal_dma.o
    0x0800060a   0x0800060a   0x00000002   PAD
    0x0800060c   0x0800060c   0x0000011e   Code   RO          590    .text.HAL_DMA_Abort_IT  stm32f1xx_hal_dma.o
    0x0800072a   0x0800072a   0x00000002   PAD
    0x0800072c   0x0800072c   0x0000032e   Code   RO          555    .text.HAL_GPIO_Init  stm32f1xx_hal_gpio.o
    0x08000a5a   0x08000a5a   0x00000002   PAD
    0x08000a5c   0x08000a5c   0x00000034   Code   RO          561    .text.HAL_GPIO_WritePin  stm32f1xx_hal_gpio.o
    0x08000a90   0x08000a90   0x0000000c   Code   RO          453    .text.HAL_GetTick   stm32f1xx_hal.o
    0x08000a9c   0x08000a9c   0x0000001a   Code   RO          451    .text.HAL_IncTick   stm32f1xx_hal.o
    0x08000ab6   0x08000ab6   0x00000002   PAD
    0x08000ab8   0x08000ab8   0x0000002c   Code   RO          441    .text.HAL_Init      stm32f1xx_hal.o
    0x08000ae4   0x08000ae4   0x00000072   Code   RO          443    .text.HAL_InitTick  stm32f1xx_hal.o
    0x08000b56   0x08000b56   0x00000002   PAD
    0x08000b58   0x08000b58   0x00000064   Code   RO           73    .text.HAL_MspInit   stm32f1xx_hal_msp.o
    0x08000bbc   0x08000bbc   0x00000018   Code   RO          623    .text.HAL_NVIC_EnableIRQ  stm32f1xx_hal_cortex.o
    0x08000bd4   0x08000bd4   0x00000040   Code   RO          615    .text.HAL_NVIC_SetPriority  stm32f1xx_hal_cortex.o
    0x08000c14   0x08000c14   0x00000010   Code   RO          611    .text.HAL_NVIC_SetPriorityGrouping  stm32f1xx_hal_cortex.o
    0x08000c24   0x08000c24   0x00000258   Code   RO          507    .text.HAL_RCC_ClockConfig  stm32f1xx_hal_rcc.o
    0x08000e7c   0x08000e7c   0x0000000c   Code   RO          517    .text.HAL_RCC_GetHCLKFreq  stm32f1xx_hal_rcc.o
    0x08000e88   0x08000e88   0x00000022   Code   RO          519    .text.HAL_RCC_GetPCLK1Freq  stm32f1xx_hal_rcc.o
    0x08000eaa   0x08000eaa   0x00000002   PAD
    0x08000eac   0x08000eac   0x00000022   Code   RO          521    .text.HAL_RCC_GetPCLK2Freq  stm32f1xx_hal_rcc.o
    0x08000ece   0x08000ece   0x00000002   PAD
    0x08000ed0   0x08000ed0   0x000000be   Code   RO          509    .text.HAL_RCC_GetSysClockFreq  stm32f1xx_hal_rcc.o
    0x08000f8e   0x08000f8e   0x00000002   PAD
    0x08000f90   0x08000f90   0x0000068a   Code   RO          503    .text.HAL_RCC_OscConfig  stm32f1xx_hal_rcc.o
    0x0800161a   0x0800161a   0x00000002   PAD
    0x0800161c   0x0800161c   0x00000010   Code   RO          635    .text.HAL_SYSTICK_Config  stm32f1xx_hal_cortex.o
    0x0800162c   0x0800162c   0x000000b2   Code   RO          420    .text.HAL_TIMEx_ConfigBreakDeadTime  stm32f1xx_hal_tim_ex.o
    0x080016de   0x080016de   0x00000002   PAD
    0x080016e0   0x080016e0   0x000000dc   Code   RO          418    .text.HAL_TIMEx_MasterConfigSynchronization  stm32f1xx_hal_tim_ex.o
    0x080017bc   0x080017bc   0x000000a6   Code   RO          105    .text.HAL_TIM_Base_Init  stm32f1xx_hal_tim.o
    0x08001862   0x08001862   0x00000002   PAD
    0x08001864   0x08001864   0x0000003a   Code   RO           75    .text.HAL_TIM_Base_MspInit  stm32f1xx_hal_msp.o
    0x0800189e   0x0800189e   0x00000002   PAD
    0x080018a0   0x080018a0   0x000001a4   Code   RO          297    .text.HAL_TIM_ConfigClockSource  stm32f1xx_hal_tim.o
    0x08001a44   0x08001a44   0x00000060   Code   RO           77    .text.HAL_TIM_MspPostInit  stm32f1xx_hal_msp.o
    0x08001aa4   0x08001aa4   0x00000142   Code   RO          271    .text.HAL_TIM_PWM_ConfigChannel  stm32f1xx_hal_tim.o
    0x08001be6   0x08001be6   0x00000002   PAD
    0x08001be8   0x08001be8   0x000000a6   Code   RO          159    .text.HAL_TIM_PWM_Init  stm32f1xx_hal_tim.o
    0x08001c8e   0x08001c8e   0x00000002   PAD
    0x08001c90   0x08001c90   0x00000008   Code   RO          161    .text.HAL_TIM_PWM_MspInit  stm32f1xx_hal_tim.o
    0x08001c98   0x08001c98   0x00000164   Code   RO          167    .text.HAL_TIM_PWM_Start  stm32f1xx_hal_tim.o
    0x08001dfc   0x08001dfc   0x0000000e   Code   RO          911    .text.HAL_UARTEx_RxEventCallback  stm32f1xx_hal_uart.o
    0x08001e0a   0x08001e0a   0x00000002   PAD
    0x08001e0c   0x08001e0c   0x00000008   Code   RO          909    .text.HAL_UART_ErrorCallback  stm32f1xx_hal_uart.o
    0x08001e14   0x08001e14   0x0000043c   Code   RO          903    .text.HAL_UART_IRQHandler  stm32f1xx_hal_uart.o
    0x08002250   0x08002250   0x000000a4   Code   RO          819    .text.HAL_UART_Init  stm32f1xx_hal_uart.o
    0x080022f4   0x080022f4   0x000000aa   Code   RO           81    .text.HAL_UART_MspInit  stm32f1xx_hal_msp.o
    0x0800239e   0x0800239e   0x00000002   PAD
    0x080023a0   0x080023a0   0x0000005c   Code   RO          843    .text.HAL_UART_Receive_IT  stm32f1xx_hal_uart.o
    0x080023fc   0x080023fc   0x0000009a   Code   RO           13    .text.HAL_UART_RxCpltCallback  main.o
    0x08002496   0x08002496   0x00000002   PAD
    0x08002498   0x08002498   0x00000008   Code   RO          917    .text.HAL_UART_TxCpltCallback  stm32f1xx_hal_uart.o
    0x080024a0   0x080024a0   0x00000004   Code   RO           48    .text.HardFault_Handler  stm32f1xx_it.o
    0x080024a4   0x080024a4   0x000000f0   Code   RO           19    .text.MX_GPIO_Init  main.o
    0x08002594   0x08002594   0x00000184   Code   RO           21    .text.MX_TIM1_Init  main.o
    0x08002718   0x08002718   0x0000003c   Code   RO           23    .text.MX_USART2_UART_Init  main.o
    0x08002754   0x08002754   0x00000004   Code   RO           50    .text.MemManage_Handler  stm32f1xx_it.o
    0x08002758   0x08002758   0x00000044   Code   RO          964    .text.Motor_Init    motor.o
    0x0800279c   0x0800279c   0x00000048   Code   RO          968    .text.Motor_SetDirection  motor.o
    0x080027e4   0x080027e4   0x0000003c   Code   RO           11    .text.Motor_SetPWM  main.o
    0x08002820   0x08002820   0x00000004   Code   RO           46    .text.NMI_Handler   stm32f1xx_it.o
    0x08002824   0x08002824   0x0000006e   Code   RO          621    .text.NVIC_EncodePriority  stm32f1xx_hal_cortex.o
    0x08002892   0x08002892   0x00000002   PAD
    0x08002894   0x08002894   0x0000008e   Code   RO          979    .text.PWMdutyChange  pwm.o
    0x08002922   0x08002922   0x00000002   PAD
    0x08002924   0x08002924   0x00000002   Code   RO           60    .text.PendSV_Handler  stm32f1xx_it.o
    0x08002926   0x08002926   0x00000002   PAD
    0x08002928   0x08002928   0x0000003a   Code   RO          505    .text.RCC_Delay     stm32f1xx_hal_rcc.o
    0x08002962   0x08002962   0x00000002   PAD
    0x08002964   0x08002964   0x00000002   Code   RO           56    .text.SVC_Handler   stm32f1xx_it.o
    0x08002966   0x08002966   0x00000002   PAD
    0x08002968   0x08002968   0x00000052   Code   RO          637    .text.SysTick_Config  stm32f1xx_hal_cortex.o
    0x080029ba   0x080029ba   0x00000002   PAD
    0x080029bc   0x080029bc   0x00000008   Code   RO           62    .text.SysTick_Handler  stm32f1xx_it.o
    0x080029c4   0x080029c4   0x00000076   Code   RO           17    .text.SystemClock_Config  main.o
    0x08002a3a   0x08002a3a   0x00000002   PAD
    0x08002a3c   0x08002a3c   0x00000002   Code   RO          950    .text.SystemInit    system_stm32f1xx.o
    0x08002a3e   0x08002a3e   0x00000002   PAD
    0x08002a40   0x08002a40   0x000000f0   Code   RO          109    .text.TIM_Base_SetConfig  stm32f1xx_hal_tim.o
    0x08002b30   0x08002b30   0x00000038   Code   RO          143    .text.TIM_CCxChannelCmd  stm32f1xx_hal_tim.o
    0x08002b68   0x08002b68   0x00000034   Code   RO          295    .text.TIM_ETR_SetConfig  stm32f1xx_hal_tim.o
    0x08002b9c   0x08002b9c   0x0000002a   Code   RO          301    .text.TIM_ITRx_SetConfig  stm32f1xx_hal_tim.o
    0x08002bc6   0x08002bc6   0x00000002   PAD
    0x08002bc8   0x08002bc8   0x000000ce   Code   RO          253    .text.TIM_OC1_SetConfig  stm32f1xx_hal_tim.o
    0x08002c96   0x08002c96   0x00000002   PAD
    0x08002c98   0x08002c98   0x000000d8   Code   RO          255    .text.TIM_OC2_SetConfig  stm32f1xx_hal_tim.o
    0x08002d70   0x08002d70   0x000000d6   Code   RO          257    .text.TIM_OC3_SetConfig  stm32f1xx_hal_tim.o
    0x08002e46   0x08002e46   0x00000002   PAD
    0x08002e48   0x08002e48   0x00000096   Code   RO          259    .text.TIM_OC4_SetConfig  stm32f1xx_hal_tim.o
    0x08002ede   0x08002ede   0x00000002   PAD
    0x08002ee0   0x08002ee0   0x00000050   Code   RO          299    .text.TIM_TI1_ConfigInputStage  stm32f1xx_hal_tim.o
    0x08002f30   0x08002f30   0x00000052   Code   RO          303    .text.TIM_TI2_ConfigInputStage  stm32f1xx_hal_tim.o
    0x08002f82   0x08002f82   0x00000002   PAD
    0x08002f84   0x08002f84   0x00000020   Code   RO          907    .text.UART_DMAAbortOnError  stm32f1xx_hal_uart.o
    0x08002fa4   0x08002fa4   0x00000094   Code   RO          867    .text.UART_EndRxTransfer  stm32f1xx_hal_uart.o
    0x08003038   0x08003038   0x00000026   Code   RO          915    .text.UART_EndTransmit_IT  stm32f1xx_hal_uart.o
    0x0800305e   0x0800305e   0x00000002   PAD
    0x08003060   0x08003060   0x00000170   Code   RO          905    .text.UART_Receive_IT  stm32f1xx_hal_uart.o
    0x080031d0   0x080031d0   0x000000c2   Code   RO          823    .text.UART_SetConfig  stm32f1xx_hal_uart.o
    0x08003292   0x08003292   0x00000002   PAD
    0x08003294   0x08003294   0x00000066   Code   RO          845    .text.UART_Start_Receive_IT  stm32f1xx_hal_uart.o
    0x080032fa   0x080032fa   0x00000002   PAD
    0x080032fc   0x080032fc   0x00000098   Code   RO          913    .text.UART_Transmit_IT  stm32f1xx_hal_uart.o
    0x08003394   0x08003394   0x00000010   Code   RO           64    .text.USART2_IRQHandler  stm32f1xx_it.o
    0x080033a4   0x080033a4   0x00000004   Code   RO           54    .text.UsageFault_Handler  stm32f1xx_it.o
    0x080033a8   0x080033a8   0x00000034   Code   RO          625    .text.__NVIC_EnableIRQ  stm32f1xx_hal_cortex.o
    0x080033dc   0x080033dc   0x00000010   Code   RO          617    .text.__NVIC_GetPriorityGrouping  stm32f1xx_hal_cortex.o
    0x080033ec   0x080033ec   0x00000044   Code   RO          619    .text.__NVIC_SetPriority  stm32f1xx_hal_cortex.o
    0x08003430   0x08003430   0x0000003c   Code   RO          613    .text.__NVIC_SetPriorityGrouping  stm32f1xx_hal_cortex.o
    0x0800346c   0x0800346c   0x00000042   Code   RO          993    .text.dataHandle    cmd.o
    0x080034ae   0x080034ae   0x00000002   PAD
    0x080034b0   0x080034b0   0x000000fe   Code   RO           15    .text.main          main.o
    0x080035ae   0x080035ae   0x00000002   PAD
    0x080035b0   0x080035b0   0x00000156   Code   RO          970    .text.motorControl  motor.o
    0x08003706   0x08003706   0x00000002   PAD
    0x08003708   0x08003708   0x00000182   Code   RO          987    .text.moveHandle    cmd.o
    0x0800388a   0x0800388a   0x00000002   PAD
    0x0800388c   0x0800388c   0x0000006e   Code   RO          991    .text.rotateHandle  cmd.o
    0x080038fa   0x080038fa   0x00000002   PAD
    0x080038fc   0x080038fc   0x000000b2   Code   RO          989    .text.setSpeed      cmd.o
    0x080039ae   0x080039ae   0x00000028   Code   RO         1074    i.__ARM_fpclassify  m_ws.l(fpclassify.o)
    0x080039d6   0x080039d6   0x000000aa   Code   RO         1076    i.__kernel_poly     m_ws.l(poly.o)
    0x08003a80   0x08003a80   0x00000010   Code   RO         1060    i.__mathlib_dbl_divzero  m_ws.l(dunder.o)
    0x08003a90   0x08003a90   0x00000004   Code   RO         1062    i.__mathlib_dbl_infnan2  m_ws.l(dunder.o)
    0x08003a94   0x08003a94   0x0000000c   Code   RO         1063    i.__mathlib_dbl_invalid  m_ws.l(dunder.o)
    0x08003aa0   0x08003aa0   0x0000000e   Code   RO         1064    i.__mathlib_dbl_overflow  m_ws.l(dunder.o)
    0x08003aae   0x08003aae   0x00000002   PAD
    0x08003ab0   0x08003ab0   0x00000010   Code   RO         1066    i.__mathlib_dbl_underflow  m_ws.l(dunder.o)
    0x08003ac0   0x08003ac0   0x000009d8   Code   RO         1035    i.pow               m_ws.l(pow.o)
    0x08004498   0x08004498   0x0000004c   Code   RO         1080    i.sqrt              m_ws.l(sqrt.o)
    0x080044e4   0x080044e4   0x00000150   Code   RO         1016    x$fpl$dadd          fz_ws.l(daddsub_clz.o)
    0x08004634   0x08004634   0x00000010   Code   RO         1107    x$fpl$dcheck1       fz_ws.l(dcheck1.o)
    0x08004644   0x08004644   0x00000018   Code   RO         1126    x$fpl$dcmpinf       fz_ws.l(dcmpi.o)
    0x0800465c   0x0800465c   0x000002b0   Code   RO         1048    x$fpl$ddiv          fz_ws.l(ddiv.o)
    0x0800490c   0x0800490c   0x0000005e   Code   RO         1022    x$fpl$dfix          fz_ws.l(dfix.o)
    0x0800496a   0x0800496a   0x0000002e   Code   RO         1027    x$fpl$dflt          fz_ws.l(dflt_clz.o)
    0x08004998   0x08004998   0x00000026   Code   RO         1026    x$fpl$dfltu         fz_ws.l(dflt_clz.o)
    0x080049be   0x080049be   0x00000002   PAD
    0x080049c0   0x080049c0   0x00000078   Code   RO         1109    x$fpl$dleqf         fz_ws.l(dleqf.o)
    0x08004a38   0x08004a38   0x00000154   Code   RO         1032    x$fpl$dmul          fz_ws.l(dmul.o)
    0x08004b8c   0x08004b8c   0x0000009c   Code   RO         1051    x$fpl$dnaninf       fz_ws.l(dnaninf.o)
    0x08004c28   0x08004c28   0x0000000c   Code   RO         1053    x$fpl$dretinf       fz_ws.l(dretinf.o)
    0x08004c34   0x08004c34   0x0000006c   Code   RO         1055    x$fpl$drleqf        fz_ws.l(drleqf.o)
    0x08004ca0   0x08004ca0   0x00000016   Code   RO         1017    x$fpl$drsb          fz_ws.l(daddsub_clz.o)
    0x08004cb6   0x08004cb6   0x00000002   PAD
    0x08004cb8   0x08004cb8   0x000001cc   Code   RO         1111    x$fpl$dsqrt         fz_ws.l(dsqrt_noumaal.o)
    0x08004e84   0x08004e84   0x000001d4   Code   RO         1018    x$fpl$dsub          fz_ws.l(daddsub_clz.o)
    0x08005058   0x08005058   0x00000064   Code   RO         1128    x$fpl$retnan        fz_ws.l(retnan.o)
    0x080050bc   0x080050bc   0x0000005c   Code   RO         1057    x$fpl$scalbn        fz_ws.l(scalbn.o)
    0x08005118   0x08005118   0x00000030   Code   RO         1177    x$fpl$trapveneer    fz_ws.l(trapv.o)
    0x08005148   0x08005148   0x00000000   Code   RO         1059    x$fpl$usenofp       fz_ws.l(usenofp.o)
    0x08005148   0x08005148   0x00000088   Data   RO         1036    .constdata          m_ws.l(pow.o)
    0x080051d0   0x080051d0   0x00000008   Data   RO         1078    .constdata          m_ws.l(qnan.o)
    0x080051d8   0x080051d8   0x00000010   Data   RO          955    .rodata.AHBPrescTable  system_stm32f1xx.o
    0x080051e8   0x080051e8   0x00000008   Data   RO          956    .rodata.APBPrescTable  system_stm32f1xx.o
    0x080051f0   0x080051f0   0x00000010   Data   RO          531    .rodata.HAL_RCC_GetSysClockFreq.aPLLMULFactorTable  stm32f1xx_hal_rcc.o
    0x08005200   0x08005200   0x00000002   Data   RO          532    .rodata.HAL_RCC_GetSysClockFreq.aPredivFactorTable  stm32f1xx_hal_rcc.o
    0x08005202   0x08005202   0x00000063   Data   RO          995    .rodata.str1.1      cmd.o
    0x08005265   0x08005265   0x00000003   PAD
    0x08005268   0x08005268   0x00000020   Data   RO         1263    Region$$Table       anon$$obj.o


    Execution Region RW_IRAM1 (Exec base: 0x20000000, Load base: 0x08005288, Size: 0x00000760, Max: 0x00005000, ABSOLUTE)

    Exec Addr    Load Addr    Size         Type   Attr      Idx    E Section Name        Object

    0x20000000   0x08005288   0x00000004   Data   RW          954    .data.SystemCoreClock  system_stm32f1xx.o
    0x20000004   0x0800528c   0x00000001   Data   RW          492    .data.uwTickFreq    stm32f1xx_hal.o
    0x20000005   0x0800528d   0x00000003   PAD
    0x20000008   0x08005290   0x00000004   Data   RW          491    .data.uwTickPrio    stm32f1xx_hal.o
    0x2000000c   0x08005294   0x00000004   PAD
    0x20000010        -       0x00000060   Zero   RW         1114    .bss                c_w.l(libspace.o)
    0x20000070        -       0x00000010   Zero   RW           34    .bss.MF_L           main.o
    0x20000080        -       0x00000010   Zero   RW           35    .bss.MF_R           main.o
    0x20000090        -       0x00000010   Zero   RW           36    .bss.MR_L           main.o
    0x200000a0        -       0x00000010   Zero   RW           37    .bss.MR_R           main.o
    0x200000b0        -       0x00000002   Zero   RW           28    .bss.PWM            main.o
    0x200000b2        -       0x0000000a   Zero   RW           32    .bss.dataBuffer     main.o
    0x200000bc        -       0x00000001   Zero   RW           38    .bss.data_rx        main.o
    0x200000bd   0x08005294   0x00000003   PAD
    0x200000c0        -       0x00000048   Zero   RW           29    .bss.htim1          main.o
    0x20000108        -       0x00000048   Zero   RW           33    .bss.huart2         main.o
    0x20000150        -       0x0000000a   Zero   RW           31    .bss.rxBuffer       main.o
    0x2000015a        -       0x00000002   Zero   RW           30    .bss.rxIndex        main.o
    0x2000015c        -       0x00000004   Zero   RW          493    .bss.uwTick         stm32f1xx_hal.o
    0x20000160        -       0x00000200   Zero   RW            2    HEAP                startup_stm32f103xb.o
    0x20000360        -       0x00000400   Zero   RW            1    STACK               startup_stm32f103xb.o


==============================================================================

Image component sizes


      Code (inc. data)   RO Data    RW Data    ZI Data      Debug   Object Name

       740         10         99          0          0       1142   cmd.o
      1288          0          0          0        233       8690   main.o
       482          0          0          0          0       2156   motor.o
       142         14          0          0          0       3634   pwm.o
        64         26        236          0       1536        772   startup_stm32f103xb.o
       196          0          0          5          4       5589   stm32f1xx_hal.o
       508          0          0          0          0       7534   stm32f1xx_hal_cortex.o
       412          0          0          0          0       6270   stm32f1xx_hal_dma.o
       866          0          0          0          0       4214   stm32f1xx_hal_gpio.o
       424          0          0          0          0       7338   stm32f1xx_hal_msp.o
      2602          0         18          0          0       7412   stm32f1xx_hal_rcc.o
      2776         14          0          0          0      35668   stm32f1xx_hal_tim.o
       398          0          0          0          0      15129   stm32f1xx_hal_tim_ex.o
      2404          0          0          0          0      20014   stm32f1xx_hal_uart.o
        50          0          0          0          0       1099   stm32f1xx_it.o
         2          0         24          4          0       1549   system_stm32f1xx.o

    ----------------------------------------------------------------------
     13434         64        412         12       1780     128210   Object Totals
         0          0         32          0          0          0   (incl. Generated)
        80          0          3          3          7          0   (incl. Padding)

    ----------------------------------------------------------------------

      Code (inc. data)   RO Data    RW Data    ZI Data      Debug   Library Member Name

         8          0          0          0          0         68   __main.o
         0          0          0          0          0          0   __rtentry.o
        12          0          0          0          0          0   __rtentry2.o
         6          0          0          0          0          0   __rtentry4.o
        52          8          0          0          0          0   __scatter.o
        26          0          0          0          0          0   __scatter_copy.o
        28          0          0          0          0          0   __scatter_zi.o
       302          0          0          0          0        168   _get_argv_nomalloc.o
        22          0          0          0          0        100   _rserrno.o
         4          0          0          0          0         68   argv_veneer.o
        10          0          0          0          0         68   defsig_exit.o
        50          0          0          0          0         88   defsig_general.o
        80         58          0          0          0         76   defsig_rtmem_inner.o
        14          0          0          0          0         80   defsig_rtmem_outer.o
        18          0          0          0          0         80   exit.o
         6          0          0          0          0        152   heapauxi.o
         4          0          0          0          0        136   hrguard.o
         0          0          0          0          0          0   indicate_semi.o
         2          0          0          0          0          0   libinit.o
        10          0          0          0          0          0   libinit2.o
         2          0          0          0          0          0   libshutdown.o
         2          0          0          0          0          0   libshutdown2.o
         8          4          0          0         96         68   libspace.o
         8          4          0          0          0         68   rt_errno_addr_intlibspace.o
        68          0          0          0          0         68   rt_memclr.o
        78          0          0          0          0         80   rt_memclr_w.o
         2          0          0          0          0          0   rtexit.o
        10          0          0          0          0          0   rtexit2.o
        72          0          0          0          0         80   strcpy.o
        62          0          0          0          0         76   strlen.o
        24          0          0          0          0         76   sys_command.o
        12          4          0          0          0         68   sys_exit.o
        74          0          0          0          0         80   sys_stackheap_outer.o
        14          0          0          0          0         76   sys_wrch.o
         2          0          0          0          0         68   use_no_semi.o
       826         16          0          0          0        356   daddsub_clz.o
        16          4          0          0          0         68   dcheck1.o
        24          0          0          0          0         68   dcmpi.o
       688        140          0          0          0        216   ddiv.o
        94          4          0          0          0         92   dfix.o
        84          0          0          0          0        136   dflt_clz.o
       120          4          0          0          0         92   dleqf.o
       340         12          0          0          0        104   dmul.o
       156          4          0          0          0         92   dnaninf.o
        12          0          0          0          0         68   dretinf.o
       108          0          0          0          0         80   drleqf.o
       460         56          0          0          0        120   dsqrt_noumaal.o
       100          0          0          0          0         68   retnan.o
        92          0          0          0          0         68   scalbn.o
        48          0          0          0          0         68   trapv.o
         0          0          0          0          0          0   usenofp.o
        62         10          0          0          0        340   dunder.o
        40          0          0          0          0         68   fpclassify.o
       170          0          0          0          0         96   poly.o
      2520        190        136          0          0        324   pow.o
         0          0          8          0          0          0   qnan.o
        76          0          0          0          0         84   sqrt.o

    ----------------------------------------------------------------------
      7138        518        144          0         96       4500   Library Totals
        10          0          0          0          0          0   (incl. Padding)

    ----------------------------------------------------------------------

      Code (inc. data)   RO Data    RW Data    ZI Data      Debug   Library Name

      1092         78          0          0         96       1892   c_w.l
      3168        240          0          0          0       1696   fz_ws.l
      2868        200        144          0          0        912   m_ws.l

    ----------------------------------------------------------------------
      7138        518        144          0         96       4500   Library Totals

    ----------------------------------------------------------------------

==============================================================================


      Code (inc. data)   RO Data    RW Data    ZI Data      Debug   

     20572        582        556         12       1876     130142   Grand Totals
     20572        582        556         12       1876     130142   ELF Image Totals
     20572        582        556         12          0          0   ROM Totals

==============================================================================

    Total RO  Size (Code + RO Data)                21128 (  20.63kB)
    Total RW  Size (RW Data + ZI Data)              1888 (   1.84kB)
    Total ROM Size (Code + RO Data + RW Data)      21140 (  20.64kB)

==============================================================================

